Copyright 1986-2022 Xilinx, Inc. All Rights Reserved. Copyright 2022-2023 Advanced Micro Devices, Inc. All Rights Reserved.
---------------------------------------------------------------------------------------------------------------------------------------------
| Tool Version : Vivado v.2023.2 (win64) Build 4029153 Fri Oct 13 20:14:34 MDT 2023
| Date         : Fri Jul 31 15:55:38 2026
| Host         : Iron-Man running 64-bit major release  (build 9200)
| Command      : report_methodology -file IO_methodology_drc_routed.rpt -pb IO_methodology_drc_routed.pb -rpx IO_methodology_drc_routed.rpx
| Design       : IO
| Device       : xc7a35tfgg484-1
| Speed File   : -1
| Design State : Fully Routed
---------------------------------------------------------------------------------------------------------------------------------------------

Report Methodology

Table of Contents
-----------------
1. REPORT SUMMARY
2. REPORT DETAILS

1. REPORT SUMMARY
-----------------
            Netlist: netlist
          Floorplan: design_1
      Design limits: <entire design considered>
             Max violations: <unlimited>
             Violations found: 172
+-----------+------------------+--------------------------------+------------+
| Rule      | Severity         | Description                    | Violations |
+-----------+------------------+--------------------------------+------------+
| TIMING-17 | Critical Warning | Non-clocked sequential cell    | 16         |
| LUTAR-1   | Warning          | LUT drives async reset alert   | 72         |
| TIMING-18 | Warning          | Missing input or output delay  | 50         |
| TIMING-20 | Warning          | Non-clocked latch              | 33         |
| LATCH-1   | Advisory         | Existing latches in the design | 1          |
+-----------+------------------+--------------------------------+------------+

2. REPORT DETAILS
-----------------
TIMING-17#1 Critical Warning
Non-clocked sequential cell  
The clock pin segDisp/currDisp_reg[0]/C is not reached by a timing clock
Related violations: <none>

TIMING-17#2 Critical Warning
Non-clocked sequential cell  
The clock pin segDisp/currDisp_reg[1]/C is not reached by a timing clock
Related violations: <none>

TIMING-17#3 Critical Warning
Non-clocked sequential cell  
The clock pin segDisp/currDisp_reg[2]/C is not reached by a timing clock
Related violations: <none>

TIMING-17#4 Critical Warning
Non-clocked sequential cell  
The clock pin segDisp/disp_reg[0]/C is not reached by a timing clock
Related violations: <none>

TIMING-17#5 Critical Warning
Non-clocked sequential cell  
The clock pin segDisp/disp_reg[1]/C is not reached by a timing clock
Related violations: <none>

TIMING-17#6 Critical Warning
Non-clocked sequential cell  
The clock pin segDisp/disp_reg[2]/C is not reached by a timing clock
Related violations: <none>

TIMING-17#7 Critical Warning
Non-clocked sequential cell  
The clock pin segDisp/disp_reg[3]/C is not reached by a timing clock
Related violations: <none>

TIMING-17#8 Critical Warning
Non-clocked sequential cell  
The clock pin segDisp/disp_reg[4]/C is not reached by a timing clock
Related violations: <none>

TIMING-17#9 Critical Warning
Non-clocked sequential cell  
The clock pin segDisp/disp_reg[5]/C is not reached by a timing clock
Related violations: <none>

TIMING-17#10 Critical Warning
Non-clocked sequential cell  
The clock pin segDisp/seg_reg[0]/C is not reached by a timing clock
Related violations: <none>

TIMING-17#11 Critical Warning
Non-clocked sequential cell  
The clock pin segDisp/seg_reg[1]/C is not reached by a timing clock
Related violations: <none>

TIMING-17#12 Critical Warning
Non-clocked sequential cell  
The clock pin segDisp/seg_reg[2]/C is not reached by a timing clock
Related violations: <none>

TIMING-17#13 Critical Warning
Non-clocked sequential cell  
The clock pin segDisp/seg_reg[3]/C is not reached by a timing clock
Related violations: <none>

TIMING-17#14 Critical Warning
Non-clocked sequential cell  
The clock pin segDisp/seg_reg[4]/C is not reached by a timing clock
Related violations: <none>

TIMING-17#15 Critical Warning
Non-clocked sequential cell  
The clock pin segDisp/seg_reg[5]/C is not reached by a timing clock
Related violations: <none>

TIMING-17#16 Critical Warning
Non-clocked sequential cell  
The clock pin segDisp/seg_reg[6]/C is not reached by a timing clock
Related violations: <none>

LUTAR-1#1 Warning
LUT drives async reset alert  
LUT cell clkEn_i_2, with 2 or more inputs, drives asynchronous preset/clear pin(s) clkEn_reg_C/CLR, clkEn_reg_LDC/CLR. The LUT may glitch and trigger an unexpected reset, even if it is a properly timed path.
Related violations: <none>

LUTAR-1#2 Warning
LUT drives async reset alert  
LUT cell clkEn_i_3, with 2 or more inputs, drives asynchronous preset/clear pin(s) clkEn_reg_P/PRE. The LUT may glitch and trigger an unexpected reset, even if it is a properly timed path.
Related violations: <none>

LUTAR-1#3 Warning
LUT drives async reset alert  
LUT cell control/instruction_reg[0]_LDC_i_1, with 2 or more inputs, drives asynchronous preset/clear pin(s) control/instruction_reg[0]_P/PRE. The LUT may glitch and trigger an unexpected reset, even if it is a properly timed path.
Related violations: <none>

LUTAR-1#4 Warning
LUT drives async reset alert  
LUT cell control/instruction_reg[0]_LDC_i_2, with 2 or more inputs, drives asynchronous preset/clear pin(s) control/instruction_reg[0]_C/CLR, control/instruction_reg[0]_LDC/CLR. The LUT may glitch and trigger an unexpected reset, even if it is a properly timed path.
Related violations: <none>

LUTAR-1#5 Warning
LUT drives async reset alert  
LUT cell control/instruction_reg[1]_LDC_i_1, with 2 or more inputs, drives asynchronous preset/clear pin(s) control/instruction_reg[1]_P/PRE. The LUT may glitch and trigger an unexpected reset, even if it is a properly timed path.
Related violations: <none>

LUTAR-1#6 Warning
LUT drives async reset alert  
LUT cell control/instruction_reg[1]_LDC_i_2, with 2 or more inputs, drives asynchronous preset/clear pin(s) control/instruction_reg[1]_C/CLR, control/instruction_reg[1]_LDC/CLR. The LUT may glitch and trigger an unexpected reset, even if it is a properly timed path.
Related violations: <none>

LUTAR-1#7 Warning
LUT drives async reset alert  
LUT cell control/instruction_reg[2]_LDC_i_1, with 2 or more inputs, drives asynchronous preset/clear pin(s) control/instruction_reg[2]_P/PRE. The LUT may glitch and trigger an unexpected reset, even if it is a properly timed path.
Related violations: <none>

LUTAR-1#8 Warning
LUT drives async reset alert  
LUT cell control/instruction_reg[2]_LDC_i_2, with 2 or more inputs, drives asynchronous preset/clear pin(s) control/instruction_reg[2]_C/CLR, control/instruction_reg[2]_LDC/CLR. The LUT may glitch and trigger an unexpected reset, even if it is a properly timed path.
Related violations: <none>

LUTAR-1#9 Warning
LUT drives async reset alert  
LUT cell control/instruction_reg[3]_LDC_i_1, with 2 or more inputs, drives asynchronous preset/clear pin(s) control/instruction_reg[3]_P/PRE. The LUT may glitch and trigger an unexpected reset, even if it is a properly timed path.
Related violations: <none>

LUTAR-1#10 Warning
LUT drives async reset alert  
LUT cell control/instruction_reg[3]_LDC_i_2, with 2 or more inputs, drives asynchronous preset/clear pin(s) control/instruction_reg[3]_C/CLR, control/instruction_reg[3]_LDC/CLR. The LUT may glitch and trigger an unexpected reset, even if it is a properly timed path.
Related violations: <none>

LUTAR-1#11 Warning
LUT drives async reset alert  
LUT cell control/instruction_reg[4]_LDC_i_1, with 2 or more inputs, drives asynchronous preset/clear pin(s) control/instruction_reg[4]_P/PRE. The LUT may glitch and trigger an unexpected reset, even if it is a properly timed path.
Related violations: <none>

LUTAR-1#12 Warning
LUT drives async reset alert  
LUT cell control/instruction_reg[4]_LDC_i_2, with 2 or more inputs, drives asynchronous preset/clear pin(s) control/instruction_reg[4]_C/CLR, control/instruction_reg[4]_LDC/CLR. The LUT may glitch and trigger an unexpected reset, even if it is a properly timed path.
Related violations: <none>

LUTAR-1#13 Warning
LUT drives async reset alert  
LUT cell control/instruction_reg[5]_LDC_i_1, with 2 or more inputs, drives asynchronous preset/clear pin(s) control/instruction_reg[5]_P/PRE. The LUT may glitch and trigger an unexpected reset, even if it is a properly timed path.
Related violations: <none>

LUTAR-1#14 Warning
LUT drives async reset alert  
LUT cell control/instruction_reg[5]_LDC_i_2, with 2 or more inputs, drives asynchronous preset/clear pin(s) control/instruction_reg[5]_C/CLR, control/instruction_reg[5]_LDC/CLR. The LUT may glitch and trigger an unexpected reset, even if it is a properly timed path.
Related violations: <none>

LUTAR-1#15 Warning
LUT drives async reset alert  
LUT cell control/instruction_reg[6]_LDC_i_1, with 2 or more inputs, drives asynchronous preset/clear pin(s) control/instruction_reg[6]_P/PRE. The LUT may glitch and trigger an unexpected reset, even if it is a properly timed path.
Related violations: <none>

LUTAR-1#16 Warning
LUT drives async reset alert  
LUT cell control/instruction_reg[6]_LDC_i_2, with 2 or more inputs, drives asynchronous preset/clear pin(s) control/instruction_reg[6]_C/CLR, control/instruction_reg[6]_LDC/CLR. The LUT may glitch and trigger an unexpected reset, even if it is a properly timed path.
Related violations: <none>

LUTAR-1#17 Warning
LUT drives async reset alert  
LUT cell control/instruction_reg[7]_LDC_i_1, with 2 or more inputs, drives asynchronous preset/clear pin(s) control/instruction_reg[7]_P/PRE. The LUT may glitch and trigger an unexpected reset, even if it is a properly timed path.
Related violations: <none>

LUTAR-1#18 Warning
LUT drives async reset alert  
LUT cell control/instruction_reg[7]_LDC_i_2, with 2 or more inputs, drives asynchronous preset/clear pin(s) control/instruction_reg[7]_C/CLR, control/instruction_reg[7]_LDC/CLR. The LUT may glitch and trigger an unexpected reset, even if it is a properly timed path.
Related violations: <none>

LUTAR-1#19 Warning
LUT drives async reset alert  
LUT cell control/memoryMode_i_2, with 2 or more inputs, drives asynchronous preset/clear pin(s) control/stackTop_reg[8]/CLR, control/stackTop_reg[9]/CLR,
control/state_reg[0]/CLR, control/state_reg[1]/CLR,
control/state_reg[2]/CLR, control/state_reg[3]/CLR,
control/tmpReg_tristate_oe_reg[0]/CLR,
control/tmpReg_tristate_oe_reg[1]/CLR,
control/tmpReg_tristate_oe_reg[2]/CLR,
control/tmpReg_tristate_oe_reg[3]/CLR,
control/tmpReg_tristate_oe_reg[4]/CLR,
control/tmpReg_tristate_oe_reg[5]/CLR,
control/tmpReg_tristate_oe_reg[6]/CLR,
control/tmpReg_tristate_oe_reg[7]/CLR, control/zeroFlag_reg/CLR
 (the first 15 of 235 listed). The LUT may glitch and trigger an unexpected reset, even if it is a properly timed path.
Related violations: <none>

LUTAR-1#20 Warning
LUT drives async reset alert  
LUT cell control/stackFramePointer_reg[0]_LDC_i_1, with 2 or more inputs, drives asynchronous preset/clear pin(s) control/stackFramePointer_reg[0]_P/PRE. The LUT may glitch and trigger an unexpected reset, even if it is a properly timed path.
Related violations: <none>

LUTAR-1#21 Warning
LUT drives async reset alert  
LUT cell control/stackFramePointer_reg[0]_LDC_i_2, with 2 or more inputs, drives asynchronous preset/clear pin(s) control/stackFramePointer_reg[0]_C/CLR
control/stackFramePointer_reg[0]_LDC/CLR. The LUT may glitch and trigger an unexpected reset, even if it is a properly timed path.
Related violations: <none>

LUTAR-1#22 Warning
LUT drives async reset alert  
LUT cell control/stackFramePointer_reg[10]_LDC_i_1, with 2 or more inputs, drives asynchronous preset/clear pin(s) control/stackFramePointer_reg[10]_P/PRE. The LUT may glitch and trigger an unexpected reset, even if it is a properly timed path.
Related violations: <none>

LUTAR-1#23 Warning
LUT drives async reset alert  
LUT cell control/stackFramePointer_reg[10]_LDC_i_2, with 2 or more inputs, drives asynchronous preset/clear pin(s) control/stackFramePointer_reg[10]_C/CLR
control/stackFramePointer_reg[10]_LDC/CLR. The LUT may glitch and trigger an unexpected reset, even if it is a properly timed path.
Related violations: <none>

LUTAR-1#24 Warning
LUT drives async reset alert  
LUT cell control/stackFramePointer_reg[11]_LDC_i_1, with 2 or more inputs, drives asynchronous preset/clear pin(s) control/stackFramePointer_reg[11]_P/PRE. The LUT may glitch and trigger an unexpected reset, even if it is a properly timed path.
Related violations: <none>

LUTAR-1#25 Warning
LUT drives async reset alert  
LUT cell control/stackFramePointer_reg[11]_LDC_i_2, with 2 or more inputs, drives asynchronous preset/clear pin(s) control/stackFramePointer_reg[11]_C/CLR
control/stackFramePointer_reg[11]_LDC/CLR. The LUT may glitch and trigger an unexpected reset, even if it is a properly timed path.
Related violations: <none>

LUTAR-1#26 Warning
LUT drives async reset alert  
LUT cell control/stackFramePointer_reg[12]_LDC_i_1, with 2 or more inputs, drives asynchronous preset/clear pin(s) control/stackFramePointer_reg[12]_P/PRE. The LUT may glitch and trigger an unexpected reset, even if it is a properly timed path.
Related violations: <none>

LUTAR-1#27 Warning
LUT drives async reset alert  
LUT cell control/stackFramePointer_reg[12]_LDC_i_2, with 2 or more inputs, drives asynchronous preset/clear pin(s) control/stackFramePointer_reg[12]_C/CLR
control/stackFramePointer_reg[12]_LDC/CLR. The LUT may glitch and trigger an unexpected reset, even if it is a properly timed path.
Related violations: <none>

LUTAR-1#28 Warning
LUT drives async reset alert  
LUT cell control/stackFramePointer_reg[13]_LDC_i_1, with 2 or more inputs, drives asynchronous preset/clear pin(s) control/stackFramePointer_reg[13]_P/PRE. The LUT may glitch and trigger an unexpected reset, even if it is a properly timed path.
Related violations: <none>

LUTAR-1#29 Warning
LUT drives async reset alert  
LUT cell control/stackFramePointer_reg[13]_LDC_i_2, with 2 or more inputs, drives asynchronous preset/clear pin(s) control/stackFramePointer_reg[13]_C/CLR
control/stackFramePointer_reg[13]_LDC/CLR. The LUT may glitch and trigger an unexpected reset, even if it is a properly timed path.
Related violations: <none>

LUTAR-1#30 Warning
LUT drives async reset alert  
LUT cell control/stackFramePointer_reg[14]_LDC_i_1, with 2 or more inputs, drives asynchronous preset/clear pin(s) control/stackFramePointer_reg[14]_P/PRE. The LUT may glitch and trigger an unexpected reset, even if it is a properly timed path.
Related violations: <none>

LUTAR-1#31 Warning
LUT drives async reset alert  
LUT cell control/stackFramePointer_reg[14]_LDC_i_2, with 2 or more inputs, drives asynchronous preset/clear pin(s) control/stackFramePointer_reg[14]_C/CLR
control/stackFramePointer_reg[14]_LDC/CLR. The LUT may glitch and trigger an unexpected reset, even if it is a properly timed path.
Related violations: <none>

LUTAR-1#32 Warning
LUT drives async reset alert  
LUT cell control/stackFramePointer_reg[15]_LDC_i_1, with 2 or more inputs, drives asynchronous preset/clear pin(s) control/stackFramePointer_reg[15]_P/PRE. The LUT may glitch and trigger an unexpected reset, even if it is a properly timed path.
Related violations: <none>

LUTAR-1#33 Warning
LUT drives async reset alert  
LUT cell control/stackFramePointer_reg[15]_LDC_i_2, with 2 or more inputs, drives asynchronous preset/clear pin(s) control/stackFramePointer_reg[15]_C/CLR
control/stackFramePointer_reg[15]_LDC/CLR. The LUT may glitch and trigger an unexpected reset, even if it is a properly timed path.
Related violations: <none>

LUTAR-1#34 Warning
LUT drives async reset alert  
LUT cell control/stackFramePointer_reg[16]_LDC_i_1, with 2 or more inputs, drives asynchronous preset/clear pin(s) control/stackFramePointer_reg[16]_P/PRE. The LUT may glitch and trigger an unexpected reset, even if it is a properly timed path.
Related violations: <none>

LUTAR-1#35 Warning
LUT drives async reset alert  
LUT cell control/stackFramePointer_reg[16]_LDC_i_2, with 2 or more inputs, drives asynchronous preset/clear pin(s) control/stackFramePointer_reg[16]_C/CLR
control/stackFramePointer_reg[16]_LDC/CLR. The LUT may glitch and trigger an unexpected reset, even if it is a properly timed path.
Related violations: <none>

LUTAR-1#36 Warning
LUT drives async reset alert  
LUT cell control/stackFramePointer_reg[17]_LDC_i_1, with 2 or more inputs, drives asynchronous preset/clear pin(s) control/stackFramePointer_reg[17]_P/PRE. The LUT may glitch and trigger an unexpected reset, even if it is a properly timed path.
Related violations: <none>

LUTAR-1#37 Warning
LUT drives async reset alert  
LUT cell control/stackFramePointer_reg[17]_LDC_i_2, with 2 or more inputs, drives asynchronous preset/clear pin(s) control/stackFramePointer_reg[17]_C/CLR
control/stackFramePointer_reg[17]_LDC/CLR. The LUT may glitch and trigger an unexpected reset, even if it is a properly timed path.
Related violations: <none>

LUTAR-1#38 Warning
LUT drives async reset alert  
LUT cell control/stackFramePointer_reg[18]_LDC_i_1, with 2 or more inputs, drives asynchronous preset/clear pin(s) control/stackFramePointer_reg[18]_P/PRE. The LUT may glitch and trigger an unexpected reset, even if it is a properly timed path.
Related violations: <none>

LUTAR-1#39 Warning
LUT drives async reset alert  
LUT cell control/stackFramePointer_reg[18]_LDC_i_2, with 2 or more inputs, drives asynchronous preset/clear pin(s) control/stackFramePointer_reg[18]_C/CLR
control/stackFramePointer_reg[18]_LDC/CLR. The LUT may glitch and trigger an unexpected reset, even if it is a properly timed path.
Related violations: <none>

LUTAR-1#40 Warning
LUT drives async reset alert  
LUT cell control/stackFramePointer_reg[19]_LDC_i_1, with 2 or more inputs, drives asynchronous preset/clear pin(s) control/stackFramePointer_reg[19]_P/PRE. The LUT may glitch and trigger an unexpected reset, even if it is a properly timed path.
Related violations: <none>

LUTAR-1#41 Warning
LUT drives async reset alert  
LUT cell control/stackFramePointer_reg[19]_LDC_i_2, with 2 or more inputs, drives asynchronous preset/clear pin(s) control/stackFramePointer_reg[19]_C/CLR
control/stackFramePointer_reg[19]_LDC/CLR. The LUT may glitch and trigger an unexpected reset, even if it is a properly timed path.
Related violations: <none>

LUTAR-1#42 Warning
LUT drives async reset alert  
LUT cell control/stackFramePointer_reg[1]_LDC_i_1, with 2 or more inputs, drives asynchronous preset/clear pin(s) control/stackFramePointer_reg[1]_P/PRE. The LUT may glitch and trigger an unexpected reset, even if it is a properly timed path.
Related violations: <none>

LUTAR-1#43 Warning
LUT drives async reset alert  
LUT cell control/stackFramePointer_reg[1]_LDC_i_2, with 2 or more inputs, drives asynchronous preset/clear pin(s) control/stackFramePointer_reg[1]_C/CLR
control/stackFramePointer_reg[1]_LDC/CLR. The LUT may glitch and trigger an unexpected reset, even if it is a properly timed path.
Related violations: <none>

LUTAR-1#44 Warning
LUT drives async reset alert  
LUT cell control/stackFramePointer_reg[20]_LDC_i_1, with 2 or more inputs, drives asynchronous preset/clear pin(s) control/stackFramePointer_reg[20]_P/PRE. The LUT may glitch and trigger an unexpected reset, even if it is a properly timed path.
Related violations: <none>

LUTAR-1#45 Warning
LUT drives async reset alert  
LUT cell control/stackFramePointer_reg[20]_LDC_i_2, with 2 or more inputs, drives asynchronous preset/clear pin(s) control/stackFramePointer_reg[20]_C/CLR
control/stackFramePointer_reg[20]_LDC/CLR. The LUT may glitch and trigger an unexpected reset, even if it is a properly timed path.
Related violations: <none>

LUTAR-1#46 Warning
LUT drives async reset alert  
LUT cell control/stackFramePointer_reg[21]_LDC_i_1, with 2 or more inputs, drives asynchronous preset/clear pin(s) control/stackFramePointer_reg[21]_P/PRE. The LUT may glitch and trigger an unexpected reset, even if it is a properly timed path.
Related violations: <none>

LUTAR-1#47 Warning
LUT drives async reset alert  
LUT cell control/stackFramePointer_reg[21]_LDC_i_2, with 2 or more inputs, drives asynchronous preset/clear pin(s) control/stackFramePointer_reg[21]_C/CLR
control/stackFramePointer_reg[21]_LDC/CLR. The LUT may glitch and trigger an unexpected reset, even if it is a properly timed path.
Related violations: <none>

LUTAR-1#48 Warning
LUT drives async reset alert  
LUT cell control/stackFramePointer_reg[22]_LDC_i_1, with 2 or more inputs, drives asynchronous preset/clear pin(s) control/stackFramePointer_reg[22]_P/PRE. The LUT may glitch and trigger an unexpected reset, even if it is a properly timed path.
Related violations: <none>

LUTAR-1#49 Warning
LUT drives async reset alert  
LUT cell control/stackFramePointer_reg[22]_LDC_i_2, with 2 or more inputs, drives asynchronous preset/clear pin(s) control/stackFramePointer_reg[22]_C/CLR
control/stackFramePointer_reg[22]_LDC/CLR. The LUT may glitch and trigger an unexpected reset, even if it is a properly timed path.
Related violations: <none>

LUTAR-1#50 Warning
LUT drives async reset alert  
LUT cell control/stackFramePointer_reg[23]_LDC_i_1, with 2 or more inputs, drives asynchronous preset/clear pin(s) control/stackFramePointer_reg[23]_P/PRE. The LUT may glitch and trigger an unexpected reset, even if it is a properly timed path.
Related violations: <none>

LUTAR-1#51 Warning
LUT drives async reset alert  
LUT cell control/stackFramePointer_reg[23]_LDC_i_2, with 2 or more inputs, drives asynchronous preset/clear pin(s) control/stackFramePointer_reg[23]_C/CLR
control/stackFramePointer_reg[23]_LDC/CLR. The LUT may glitch and trigger an unexpected reset, even if it is a properly timed path.
Related violations: <none>

LUTAR-1#52 Warning
LUT drives async reset alert  
LUT cell control/stackFramePointer_reg[2]_LDC_i_1, with 2 or more inputs, drives asynchronous preset/clear pin(s) control/stackFramePointer_reg[2]_P/PRE. The LUT may glitch and trigger an unexpected reset, even if it is a properly timed path.
Related violations: <none>

LUTAR-1#53 Warning
LUT drives async reset alert  
LUT cell control/stackFramePointer_reg[2]_LDC_i_2, with 2 or more inputs, drives asynchronous preset/clear pin(s) control/stackFramePointer_reg[2]_C/CLR
control/stackFramePointer_reg[2]_LDC/CLR. The LUT may glitch and trigger an unexpected reset, even if it is a properly timed path.
Related violations: <none>

LUTAR-1#54 Warning
LUT drives async reset alert  
LUT cell control/stackFramePointer_reg[3]_LDC_i_1, with 2 or more inputs, drives asynchronous preset/clear pin(s) control/stackFramePointer_reg[3]_P/PRE. The LUT may glitch and trigger an unexpected reset, even if it is a properly timed path.
Related violations: <none>

LUTAR-1#55 Warning
LUT drives async reset alert  
LUT cell control/stackFramePointer_reg[3]_LDC_i_2, with 2 or more inputs, drives asynchronous preset/clear pin(s) control/stackFramePointer_reg[3]_C/CLR
control/stackFramePointer_reg[3]_LDC/CLR. The LUT may glitch and trigger an unexpected reset, even if it is a properly timed path.
Related violations: <none>

LUTAR-1#56 Warning
LUT drives async reset alert  
LUT cell control/stackFramePointer_reg[4]_LDC_i_1, with 2 or more inputs, drives asynchronous preset/clear pin(s) control/stackFramePointer_reg[4]_P/PRE. The LUT may glitch and trigger an unexpected reset, even if it is a properly timed path.
Related violations: <none>

LUTAR-1#57 Warning
LUT drives async reset alert  
LUT cell control/stackFramePointer_reg[4]_LDC_i_2, with 2 or more inputs, drives asynchronous preset/clear pin(s) control/stackFramePointer_reg[4]_C/CLR
control/stackFramePointer_reg[4]_LDC/CLR. The LUT may glitch and trigger an unexpected reset, even if it is a properly timed path.
Related violations: <none>

LUTAR-1#58 Warning
LUT drives async reset alert  
LUT cell control/stackFramePointer_reg[5]_LDC_i_1, with 2 or more inputs, drives asynchronous preset/clear pin(s) control/stackFramePointer_reg[5]_P/PRE. The LUT may glitch and trigger an unexpected reset, even if it is a properly timed path.
Related violations: <none>

LUTAR-1#59 Warning
LUT drives async reset alert  
LUT cell control/stackFramePointer_reg[5]_LDC_i_2, with 2 or more inputs, drives asynchronous preset/clear pin(s) control/stackFramePointer_reg[5]_C/CLR
control/stackFramePointer_reg[5]_LDC/CLR. The LUT may glitch and trigger an unexpected reset, even if it is a properly timed path.
Related violations: <none>

LUTAR-1#60 Warning
LUT drives async reset alert  
LUT cell control/stackFramePointer_reg[6]_LDC_i_1, with 2 or more inputs, drives asynchronous preset/clear pin(s) control/stackFramePointer_reg[6]_P/PRE. The LUT may glitch and trigger an unexpected reset, even if it is a properly timed path.
Related violations: <none>

LUTAR-1#61 Warning
LUT drives async reset alert  
LUT cell control/stackFramePointer_reg[6]_LDC_i_2, with 2 or more inputs, drives asynchronous preset/clear pin(s) control/stackFramePointer_reg[6]_C/CLR
control/stackFramePointer_reg[6]_LDC/CLR. The LUT may glitch and trigger an unexpected reset, even if it is a properly timed path.
Related violations: <none>

LUTAR-1#62 Warning
LUT drives async reset alert  
LUT cell control/stackFramePointer_reg[7]_LDC_i_1, with 2 or more inputs, drives asynchronous preset/clear pin(s) control/stackFramePointer_reg[7]_P/PRE. The LUT may glitch and trigger an unexpected reset, even if it is a properly timed path.
Related violations: <none>

LUTAR-1#63 Warning
LUT drives async reset alert  
LUT cell control/stackFramePointer_reg[7]_LDC_i_2, with 2 or more inputs, drives asynchronous preset/clear pin(s) control/stackFramePointer_reg[7]_C/CLR
control/stackFramePointer_reg[7]_LDC/CLR. The LUT may glitch and trigger an unexpected reset, even if it is a properly timed path.
Related violations: <none>

LUTAR-1#64 Warning
LUT drives async reset alert  
LUT cell control/stackFramePointer_reg[8]_LDC_i_1, with 2 or more inputs, drives asynchronous preset/clear pin(s) control/stackFramePointer_reg[8]_P/PRE. The LUT may glitch and trigger an unexpected reset, even if it is a properly timed path.
Related violations: <none>

LUTAR-1#65 Warning
LUT drives async reset alert  
LUT cell control/stackFramePointer_reg[8]_LDC_i_2, with 2 or more inputs, drives asynchronous preset/clear pin(s) control/stackFramePointer_reg[8]_C/CLR
control/stackFramePointer_reg[8]_LDC/CLR. The LUT may glitch and trigger an unexpected reset, even if it is a properly timed path.
Related violations: <none>

LUTAR-1#66 Warning
LUT drives async reset alert  
LUT cell control/stackFramePointer_reg[9]_LDC_i_1, with 2 or more inputs, drives asynchronous preset/clear pin(s) control/stackFramePointer_reg[9]_P/PRE. The LUT may glitch and trigger an unexpected reset, even if it is a properly timed path.
Related violations: <none>

LUTAR-1#67 Warning
LUT drives async reset alert  
LUT cell control/stackFramePointer_reg[9]_LDC_i_2, with 2 or more inputs, drives asynchronous preset/clear pin(s) control/stackFramePointer_reg[9]_C/CLR
control/stackFramePointer_reg[9]_LDC/CLR. The LUT may glitch and trigger an unexpected reset, even if it is a properly timed path.
Related violations: <none>

LUTAR-1#68 Warning
LUT drives async reset alert  
LUT cell dbg_hub/inst/BSCANID.u_xsdbm_id/CORE_XSDB.UUT_MASTER/U_ICON_INTERFACE/U_CMD6_RD/U_RD_FIFO/SUBCORE_FIFO.xsdbm_v3_0_0_rdfifo_inst/inst_fifo_gen/gconvfifo.rf/grf.rf/rstblk/ngwrdrst.grst.g7serrst.gwrrd_rst_sync_stage[2].rrst_inst/ngwrdrst.grst.g7serrst.rd_rst_reg[2]_i_1, with 2 or more inputs, drives asynchronous preset/clear pin(s) dbg_hub/inst/BSCANID.u_xsdbm_id/CORE_XSDB.UUT_MASTER/U_ICON_INTERFACE/U_CMD6_RD/U_RD_FIFO/SUBCORE_FIFO.xsdbm_v3_0_0_rdfifo_inst/inst_fifo_gen/gconvfifo.rf/grf.rf/rstblk/ngwrdrst.grst.g7serrst.rd_rst_reg_reg[0]/PRE,
dbg_hub/inst/BSCANID.u_xsdbm_id/CORE_XSDB.UUT_MASTER/U_ICON_INTERFACE/U_CMD6_RD/U_RD_FIFO/SUBCORE_FIFO.xsdbm_v3_0_0_rdfifo_inst/inst_fifo_gen/gconvfifo.rf/grf.rf/rstblk/ngwrdrst.grst.g7serrst.rd_rst_reg_reg[1]/PRE
dbg_hub/inst/BSCANID.u_xsdbm_id/CORE_XSDB.UUT_MASTER/U_ICON_INTERFACE/U_CMD6_RD/U_RD_FIFO/SUBCORE_FIFO.xsdbm_v3_0_0_rdfifo_inst/inst_fifo_gen/gconvfifo.rf/grf.rf/rstblk/ngwrdrst.grst.g7serrst.rd_rst_reg_reg[2]/PRE. The LUT may glitch and trigger an unexpected reset, even if it is a properly timed path.
Related violations: <none>

LUTAR-1#69 Warning
LUT drives async reset alert  
LUT cell dbg_hub/inst/BSCANID.u_xsdbm_id/CORE_XSDB.UUT_MASTER/U_ICON_INTERFACE/U_CMD6_RD/U_RD_FIFO/SUBCORE_FIFO.xsdbm_v3_0_0_rdfifo_inst/inst_fifo_gen/gconvfifo.rf/grf.rf/rstblk/ngwrdrst.grst.g7serrst.gwrrd_rst_sync_stage[2].wrst_inst/ngwrdrst.grst.g7serrst.wr_rst_reg[2]_i_1, with 2 or more inputs, drives asynchronous preset/clear pin(s) dbg_hub/inst/BSCANID.u_xsdbm_id/CORE_XSDB.UUT_MASTER/U_ICON_INTERFACE/U_CMD6_RD/U_RD_FIFO/SUBCORE_FIFO.xsdbm_v3_0_0_rdfifo_inst/inst_fifo_gen/gconvfifo.rf/grf.rf/rstblk/ngwrdrst.grst.g7serrst.wr_rst_reg_reg[0]/PRE,
dbg_hub/inst/BSCANID.u_xsdbm_id/CORE_XSDB.UUT_MASTER/U_ICON_INTERFACE/U_CMD6_RD/U_RD_FIFO/SUBCORE_FIFO.xsdbm_v3_0_0_rdfifo_inst/inst_fifo_gen/gconvfifo.rf/grf.rf/rstblk/ngwrdrst.grst.g7serrst.wr_rst_reg_reg[1]/PRE
dbg_hub/inst/BSCANID.u_xsdbm_id/CORE_XSDB.UUT_MASTER/U_ICON_INTERFACE/U_CMD6_RD/U_RD_FIFO/SUBCORE_FIFO.xsdbm_v3_0_0_rdfifo_inst/inst_fifo_gen/gconvfifo.rf/grf.rf/rstblk/ngwrdrst.grst.g7serrst.wr_rst_reg_reg[2]/PRE. The LUT may glitch and trigger an unexpected reset, even if it is a properly timed path.
Related violations: <none>

LUTAR-1#70 Warning
LUT drives async reset alert  
LUT cell dbg_hub/inst/BSCANID.u_xsdbm_id/CORE_XSDB.UUT_MASTER/U_ICON_INTERFACE/U_CMD6_WR/U_WR_FIFO/SUBCORE_FIFO.xsdbm_v3_0_0_wrfifo_inst/inst_fifo_gen/gconvfifo.rf/grf.rf/rstblk/ngwrdrst.grst.g7serrst.gwrrd_rst_sync_stage[2].rrst_inst/ngwrdrst.grst.g7serrst.rd_rst_reg[2]_i_1, with 2 or more inputs, drives asynchronous preset/clear pin(s) dbg_hub/inst/BSCANID.u_xsdbm_id/CORE_XSDB.UUT_MASTER/U_ICON_INTERFACE/U_CMD6_WR/U_WR_FIFO/SUBCORE_FIFO.xsdbm_v3_0_0_wrfifo_inst/inst_fifo_gen/gconvfifo.rf/grf.rf/rstblk/ngwrdrst.grst.g7serrst.rd_rst_reg_reg[0]/PRE,
dbg_hub/inst/BSCANID.u_xsdbm_id/CORE_XSDB.UUT_MASTER/U_ICON_INTERFACE/U_CMD6_WR/U_WR_FIFO/SUBCORE_FIFO.xsdbm_v3_0_0_wrfifo_inst/inst_fifo_gen/gconvfifo.rf/grf.rf/rstblk/ngwrdrst.grst.g7serrst.rd_rst_reg_reg[1]/PRE
dbg_hub/inst/BSCANID.u_xsdbm_id/CORE_XSDB.UUT_MASTER/U_ICON_INTERFACE/U_CMD6_WR/U_WR_FIFO/SUBCORE_FIFO.xsdbm_v3_0_0_wrfifo_inst/inst_fifo_gen/gconvfifo.rf/grf.rf/rstblk/ngwrdrst.grst.g7serrst.rd_rst_reg_reg[2]/PRE. The LUT may glitch and trigger an unexpected reset, even if it is a properly timed path.
Related violations: <none>

LUTAR-1#71 Warning
LUT drives async reset alert  
LUT cell dbg_hub/inst/BSCANID.u_xsdbm_id/CORE_XSDB.UUT_MASTER/U_ICON_INTERFACE/U_CMD6_WR/U_WR_FIFO/SUBCORE_FIFO.xsdbm_v3_0_0_wrfifo_inst/inst_fifo_gen/gconvfifo.rf/grf.rf/rstblk/ngwrdrst.grst.g7serrst.gwrrd_rst_sync_stage[2].wrst_inst/ngwrdrst.grst.g7serrst.wr_rst_reg[2]_i_1, with 2 or more inputs, drives asynchronous preset/clear pin(s) dbg_hub/inst/BSCANID.u_xsdbm_id/CORE_XSDB.UUT_MASTER/U_ICON_INTERFACE/U_CMD6_WR/U_WR_FIFO/SUBCORE_FIFO.xsdbm_v3_0_0_wrfifo_inst/inst_fifo_gen/gconvfifo.rf/grf.rf/rstblk/ngwrdrst.grst.g7serrst.wr_rst_reg_reg[0]/PRE,
dbg_hub/inst/BSCANID.u_xsdbm_id/CORE_XSDB.UUT_MASTER/U_ICON_INTERFACE/U_CMD6_WR/U_WR_FIFO/SUBCORE_FIFO.xsdbm_v3_0_0_wrfifo_inst/inst_fifo_gen/gconvfifo.rf/grf.rf/rstblk/ngwrdrst.grst.g7serrst.wr_rst_reg_reg[1]/PRE
dbg_hub/inst/BSCANID.u_xsdbm_id/CORE_XSDB.UUT_MASTER/U_ICON_INTERFACE/U_CMD6_WR/U_WR_FIFO/SUBCORE_FIFO.xsdbm_v3_0_0_wrfifo_inst/inst_fifo_gen/gconvfifo.rf/grf.rf/rstblk/ngwrdrst.grst.g7serrst.wr_rst_reg_reg[2]/PRE. The LUT may glitch and trigger an unexpected reset, even if it is a properly timed path.
Related violations: <none>

LUTAR-1#72 Warning
LUT drives async reset alert  
LUT cell deviceEn_reg[1]_i_2, with 2 or more inputs, drives asynchronous preset/clear pin(s) deviceEn_reg[0]/PRE, deviceEn_reg[1]/PRE. The LUT may glitch and trigger an unexpected reset, even if it is a properly timed path.
Related violations: <none>

TIMING-18#1 Warning
Missing input or output delay  
An input delay is missing on data[0] relative to the rising and/or falling clock edge(s) of clkIn.
Related violations: <none>

TIMING-18#2 Warning
Missing input or output delay  
An input delay is missing on data[1] relative to the rising and/or falling clock edge(s) of clkIn.
Related violations: <none>

TIMING-18#3 Warning
Missing input or output delay  
An input delay is missing on data[2] relative to the rising and/or falling clock edge(s) of clkIn.
Related violations: <none>

TIMING-18#4 Warning
Missing input or output delay  
An input delay is missing on data[3] relative to the rising and/or falling clock edge(s) of clkIn.
Related violations: <none>

TIMING-18#5 Warning
Missing input or output delay  
An input delay is missing on data[4] relative to the rising and/or falling clock edge(s) of clkIn.
Related violations: <none>

TIMING-18#6 Warning
Missing input or output delay  
An input delay is missing on data[5] relative to the rising and/or falling clock edge(s) of clkIn.
Related violations: <none>

TIMING-18#7 Warning
Missing input or output delay  
An input delay is missing on data[6] relative to the rising and/or falling clock edge(s) of clkIn.
Related violations: <none>

TIMING-18#8 Warning
Missing input or output delay  
An input delay is missing on data[7] relative to the rising and/or falling clock edge(s) of clkIn.
Related violations: <none>

TIMING-18#9 Warning
Missing input or output delay  
An input delay is missing on enBtn relative to the rising and/or falling clock edge(s) of clkIn.
Related violations: <none>

TIMING-18#10 Warning
Missing input or output delay  
An input delay is missing on hardInterrupt[0] relative to the rising and/or falling clock edge(s) of clkIn.
Related violations: <none>

TIMING-18#11 Warning
Missing input or output delay  
An input delay is missing on hardInterrupt[1] relative to the rising and/or falling clock edge(s) of clkIn.
Related violations: <none>

TIMING-18#12 Warning
Missing input or output delay  
An input delay is missing on hardInterrupt[2] relative to the rising and/or falling clock edge(s) of clkIn.
Related violations: <none>

TIMING-18#13 Warning
Missing input or output delay  
An input delay is missing on hardInterrupt[3] relative to the rising and/or falling clock edge(s) of clkIn.
Related violations: <none>

TIMING-18#14 Warning
Missing input or output delay  
An input delay is missing on rst relative to the rising and/or falling clock edge(s) of clkIn.
Related violations: <none>

TIMING-18#15 Warning
Missing input or output delay  
An output delay is missing on addressOut[0] relative to the rising and/or falling clock edge(s) of clkIn.
Related violations: <none>

TIMING-18#16 Warning
Missing input or output delay  
An output delay is missing on addressOut[10] relative to the rising and/or falling clock edge(s) of clkIn.
Related violations: <none>

TIMING-18#17 Warning
Missing input or output delay  
An output delay is missing on addressOut[11] relative to the rising and/or falling clock edge(s) of clkIn.
Related violations: <none>

TIMING-18#18 Warning
Missing input or output delay  
An output delay is missing on addressOut[12] relative to the rising and/or falling clock edge(s) of clkIn.
Related violations: <none>

TIMING-18#19 Warning
Missing input or output delay  
An output delay is missing on addressOut[13] relative to the rising and/or falling clock edge(s) of clkIn.
Related violations: <none>

TIMING-18#20 Warning
Missing input or output delay  
An output delay is missing on addressOut[14] relative to the rising and/or falling clock edge(s) of clkIn.
Related violations: <none>

TIMING-18#21 Warning
Missing input or output delay  
An output delay is missing on addressOut[15] relative to the rising and/or falling clock edge(s) of clkIn.
Related violations: <none>

TIMING-18#22 Warning
Missing input or output delay  
An output delay is missing on addressOut[16] relative to the rising and/or falling clock edge(s) of clkIn.
Related violations: <none>

TIMING-18#23 Warning
Missing input or output delay  
An output delay is missing on addressOut[17] relative to the rising and/or falling clock edge(s) of clkIn.
Related violations: <none>

TIMING-18#24 Warning
Missing input or output delay  
An output delay is missing on addressOut[18] relative to the rising and/or falling clock edge(s) of clkIn.
Related violations: <none>

TIMING-18#25 Warning
Missing input or output delay  
An output delay is missing on addressOut[19] relative to the rising and/or falling clock edge(s) of clkIn.
Related violations: <none>

TIMING-18#26 Warning
Missing input or output delay  
An output delay is missing on addressOut[1] relative to the rising and/or falling clock edge(s) of clkIn.
Related violations: <none>

TIMING-18#27 Warning
Missing input or output delay  
An output delay is missing on addressOut[20] relative to the rising and/or falling clock edge(s) of clkIn.
Related violations: <none>

TIMING-18#28 Warning
Missing input or output delay  
An output delay is missing on addressOut[21] relative to the rising and/or falling clock edge(s) of clkIn.
Related violations: <none>

TIMING-18#29 Warning
Missing input or output delay  
An output delay is missing on addressOut[22] relative to the rising and/or falling clock edge(s) of clkIn.
Related violations: <none>

TIMING-18#30 Warning
Missing input or output delay  
An output delay is missing on addressOut[23] relative to the rising and/or falling clock edge(s) of clkIn.
Related violations: <none>

TIMING-18#31 Warning
Missing input or output delay  
An output delay is missing on addressOut[2] relative to the rising and/or falling clock edge(s) of clkIn.
Related violations: <none>

TIMING-18#32 Warning
Missing input or output delay  
An output delay is missing on addressOut[3] relative to the rising and/or falling clock edge(s) of clkIn.
Related violations: <none>

TIMING-18#33 Warning
Missing input or output delay  
An output delay is missing on addressOut[4] relative to the rising and/or falling clock edge(s) of clkIn.
Related violations: <none>

TIMING-18#34 Warning
Missing input or output delay  
An output delay is missing on addressOut[5] relative to the rising and/or falling clock edge(s) of clkIn.
Related violations: <none>

TIMING-18#35 Warning
Missing input or output delay  
An output delay is missing on addressOut[6] relative to the rising and/or falling clock edge(s) of clkIn.
Related violations: <none>

TIMING-18#36 Warning
Missing input or output delay  
An output delay is missing on addressOut[7] relative to the rising and/or falling clock edge(s) of clkIn.
Related violations: <none>

TIMING-18#37 Warning
Missing input or output delay  
An output delay is missing on addressOut[8] relative to the rising and/or falling clock edge(s) of clkIn.
Related violations: <none>

TIMING-18#38 Warning
Missing input or output delay  
An output delay is missing on addressOut[9] relative to the rising and/or falling clock edge(s) of clkIn.
Related violations: <none>

TIMING-18#39 Warning
Missing input or output delay  
An output delay is missing on data[0] relative to the rising and/or falling clock edge(s) of clkIn.
Related violations: <none>

TIMING-18#40 Warning
Missing input or output delay  
An output delay is missing on data[1] relative to the rising and/or falling clock edge(s) of clkIn.
Related violations: <none>

TIMING-18#41 Warning
Missing input or output delay  
An output delay is missing on data[2] relative to the rising and/or falling clock edge(s) of clkIn.
Related violations: <none>

TIMING-18#42 Warning
Missing input or output delay  
An output delay is missing on data[3] relative to the rising and/or falling clock edge(s) of clkIn.
Related violations: <none>

TIMING-18#43 Warning
Missing input or output delay  
An output delay is missing on data[4] relative to the rising and/or falling clock edge(s) of clkIn.
Related violations: <none>

TIMING-18#44 Warning
Missing input or output delay  
An output delay is missing on data[5] relative to the rising and/or falling clock edge(s) of clkIn.
Related violations: <none>

TIMING-18#45 Warning
Missing input or output delay  
An output delay is missing on data[6] relative to the rising and/or falling clock edge(s) of clkIn.
Related violations: <none>

TIMING-18#46 Warning
Missing input or output delay  
An output delay is missing on data[7] relative to the rising and/or falling clock edge(s) of clkIn.
Related violations: <none>

TIMING-18#47 Warning
Missing input or output delay  
An output delay is missing on deviceEn[0] relative to the rising and/or falling clock edge(s) of clkIn.
Related violations: <none>

TIMING-18#48 Warning
Missing input or output delay  
An output delay is missing on deviceEn[1] relative to the rising and/or falling clock edge(s) of clkIn.
Related violations: <none>

TIMING-18#49 Warning
Missing input or output delay  
An output delay is missing on memoryMode relative to the rising and/or falling clock edge(s) of clkIn.
Related violations: <none>

TIMING-18#50 Warning
Missing input or output delay  
An output delay is missing on tx relative to the rising and/or falling clock edge(s) of clkIn.
Related violations: <none>

TIMING-20#1 Warning
Non-clocked latch  
The latch clkEn_reg_LDC cannot be properly analyzed as its control pin clkEn_reg_LDC/G is not reached by a timing clock
Related violations: <none>

TIMING-20#2 Warning
Non-clocked latch  
The latch control/instruction_reg[0]_LDC cannot be properly analyzed as its control pin control/instruction_reg[0]_LDC/G is not reached by a timing clock
Related violations: <none>

TIMING-20#3 Warning
Non-clocked latch  
The latch control/instruction_reg[1]_LDC cannot be properly analyzed as its control pin control/instruction_reg[1]_LDC/G is not reached by a timing clock
Related violations: <none>

TIMING-20#4 Warning
Non-clocked latch  
The latch control/instruction_reg[2]_LDC cannot be properly analyzed as its control pin control/instruction_reg[2]_LDC/G is not reached by a timing clock
Related violations: <none>

TIMING-20#5 Warning
Non-clocked latch  
The latch control/instruction_reg[3]_LDC cannot be properly analyzed as its control pin control/instruction_reg[3]_LDC/G is not reached by a timing clock
Related violations: <none>

TIMING-20#6 Warning
Non-clocked latch  
The latch control/instruction_reg[4]_LDC cannot be properly analyzed as its control pin control/instruction_reg[4]_LDC/G is not reached by a timing clock
Related violations: <none>

TIMING-20#7 Warning
Non-clocked latch  
The latch control/instruction_reg[5]_LDC cannot be properly analyzed as its control pin control/instruction_reg[5]_LDC/G is not reached by a timing clock
Related violations: <none>

TIMING-20#8 Warning
Non-clocked latch  
The latch control/instruction_reg[6]_LDC cannot be properly analyzed as its control pin control/instruction_reg[6]_LDC/G is not reached by a timing clock
Related violations: <none>

TIMING-20#9 Warning
Non-clocked latch  
The latch control/instruction_reg[7]_LDC cannot be properly analyzed as its control pin control/instruction_reg[7]_LDC/G is not reached by a timing clock
Related violations: <none>

TIMING-20#10 Warning
Non-clocked latch  
The latch control/stackFramePointer_reg[0]_LDC cannot be properly analyzed as its control pin control/stackFramePointer_reg[0]_LDC/G is not reached by a timing clock
Related violations: <none>

TIMING-20#11 Warning
Non-clocked latch  
The latch control/stackFramePointer_reg[10]_LDC cannot be properly analyzed as its control pin control/stackFramePointer_reg[10]_LDC/G is not reached by a timing clock
Related violations: <none>

TIMING-20#12 Warning
Non-clocked latch  
The latch control/stackFramePointer_reg[11]_LDC cannot be properly analyzed as its control pin control/stackFramePointer_reg[11]_LDC/G is not reached by a timing clock
Related violations: <none>

TIMING-20#13 Warning
Non-clocked latch  
The latch control/stackFramePointer_reg[12]_LDC cannot be properly analyzed as its control pin control/stackFramePointer_reg[12]_LDC/G is not reached by a timing clock
Related violations: <none>

TIMING-20#14 Warning
Non-clocked latch  
The latch control/stackFramePointer_reg[13]_LDC cannot be properly analyzed as its control pin control/stackFramePointer_reg[13]_LDC/G is not reached by a timing clock
Related violations: <none>

TIMING-20#15 Warning
Non-clocked latch  
The latch control/stackFramePointer_reg[14]_LDC cannot be properly analyzed as its control pin control/stackFramePointer_reg[14]_LDC/G is not reached by a timing clock
Related violations: <none>

TIMING-20#16 Warning
Non-clocked latch  
The latch control/stackFramePointer_reg[15]_LDC cannot be properly analyzed as its control pin control/stackFramePointer_reg[15]_LDC/G is not reached by a timing clock
Related violations: <none>

TIMING-20#17 Warning
Non-clocked latch  
The latch control/stackFramePointer_reg[16]_LDC cannot be properly analyzed as its control pin control/stackFramePointer_reg[16]_LDC/G is not reached by a timing clock
Related violations: <none>

TIMING-20#18 Warning
Non-clocked latch  
The latch control/stackFramePointer_reg[17]_LDC cannot be properly analyzed as its control pin control/stackFramePointer_reg[17]_LDC/G is not reached by a timing clock
Related violations: <none>

TIMING-20#19 Warning
Non-clocked latch  
The latch control/stackFramePointer_reg[18]_LDC cannot be properly analyzed as its control pin control/stackFramePointer_reg[18]_LDC/G is not reached by a timing clock
Related violations: <none>

TIMING-20#20 Warning
Non-clocked latch  
The latch control/stackFramePointer_reg[19]_LDC cannot be properly analyzed as its control pin control/stackFramePointer_reg[19]_LDC/G is not reached by a timing clock
Related violations: <none>

TIMING-20#21 Warning
Non-clocked latch  
The latch control/stackFramePointer_reg[1]_LDC cannot be properly analyzed as its control pin control/stackFramePointer_reg[1]_LDC/G is not reached by a timing clock
Related violations: <none>

TIMING-20#22 Warning
Non-clocked latch  
The latch control/stackFramePointer_reg[20]_LDC cannot be properly analyzed as its control pin control/stackFramePointer_reg[20]_LDC/G is not reached by a timing clock
Related violations: <none>

TIMING-20#23 Warning
Non-clocked latch  
The latch control/stackFramePointer_reg[21]_LDC cannot be properly analyzed as its control pin control/stackFramePointer_reg[21]_LDC/G is not reached by a timing clock
Related violations: <none>

TIMING-20#24 Warning
Non-clocked latch  
The latch control/stackFramePointer_reg[22]_LDC cannot be properly analyzed as its control pin control/stackFramePointer_reg[22]_LDC/G is not reached by a timing clock
Related violations: <none>

TIMING-20#25 Warning
Non-clocked latch  
The latch control/stackFramePointer_reg[23]_LDC cannot be properly analyzed as its control pin control/stackFramePointer_reg[23]_LDC/G is not reached by a timing clock
Related violations: <none>

TIMING-20#26 Warning
Non-clocked latch  
The latch control/stackFramePointer_reg[2]_LDC cannot be properly analyzed as its control pin control/stackFramePointer_reg[2]_LDC/G is not reached by a timing clock
Related violations: <none>

TIMING-20#27 Warning
Non-clocked latch  
The latch control/stackFramePointer_reg[3]_LDC cannot be properly analyzed as its control pin control/stackFramePointer_reg[3]_LDC/G is not reached by a timing clock
Related violations: <none>

TIMING-20#28 Warning
Non-clocked latch  
The latch control/stackFramePointer_reg[4]_LDC cannot be properly analyzed as its control pin control/stackFramePointer_reg[4]_LDC/G is not reached by a timing clock
Related violations: <none>

TIMING-20#29 Warning
Non-clocked latch  
The latch control/stackFramePointer_reg[5]_LDC cannot be properly analyzed as its control pin control/stackFramePointer_reg[5]_LDC/G is not reached by a timing clock
Related violations: <none>

TIMING-20#30 Warning
Non-clocked latch  
The latch control/stackFramePointer_reg[6]_LDC cannot be properly analyzed as its control pin control/stackFramePointer_reg[6]_LDC/G is not reached by a timing clock
Related violations: <none>

TIMING-20#31 Warning
Non-clocked latch  
The latch control/stackFramePointer_reg[7]_LDC cannot be properly analyzed as its control pin control/stackFramePointer_reg[7]_LDC/G is not reached by a timing clock
Related violations: <none>

TIMING-20#32 Warning
Non-clocked latch  
The latch control/stackFramePointer_reg[8]_LDC cannot be properly analyzed as its control pin control/stackFramePointer_reg[8]_LDC/G is not reached by a timing clock
Related violations: <none>

TIMING-20#33 Warning
Non-clocked latch  
The latch control/stackFramePointer_reg[9]_LDC cannot be properly analyzed as its control pin control/stackFramePointer_reg[9]_LDC/G is not reached by a timing clock
Related violations: <none>

LATCH-1#1 Advisory
Existing latches in the design  
There are 35 latches found in the design. Inferred latches are often the result of HDL coding mistakes, such as incomplete if or case statements.
Related violations: <none>


