
*** Running vivado
    with args -log IO.vdi -applog -m64 -product Vivado -messageDb vivado.pb -mode batch -source IO.tcl -notrace


ECHO is off.
ECHO is off.

****** Vivado v2023.2 (64-bit)
  **** SW Build 4029153 on Fri Oct 13 20:14:34 MDT 2023
  **** IP Build 4028589 on Sat Oct 14 00:45:43 MDT 2023
  **** SharedData Build 4025554 on Tue Oct 10 17:18:54 MDT 2023
    ** Copyright 1986-2022 Xilinx, Inc. All Rights Reserved.
    ** Copyright 2022-2023 Advanced Micro Devices, Inc. All Rights Reserved.

source IO.tcl -notrace
create_project: Time (s): cpu = 00:00:09 ; elapsed = 00:00:10 . Memory (MB): peak = 500.477 ; gain = 205.508
Command: link_design -top IO -part xc7a35tfgg484-1
Design is defaulting to srcset: sources_1
Design is defaulting to constrset: constrs_1
INFO: [Device 21-403] Loading part xc7a35tfgg484-1
Netlist sorting complete. Time (s): cpu = 00:00:00 ; elapsed = 00:00:00.046 . Memory (MB): peak = 895.652 ; gain = 0.000
INFO: [Netlist 29-17] Analyzing 360 Unisim elements for replacement
INFO: [Netlist 29-28] Unisim Transformation completed in 0 CPU seconds
INFO: [Project 1-479] Netlist was created with Vivado 2023.2
INFO: [Project 1-570] Preparing netlist for logic optimization
Parsing XDC File [C:/Users/jmzip/Documents/Repos/CPU/CPU.srcs/constrs_1/new/Hardware.xdc]
CRITICAL WARNING: [Common 17-163] Missing value for option 'period', please type 'create_clock -help' for usage info. [C:/Users/jmzip/Documents/Repos/CPU/CPU.srcs/constrs_1/new/Hardware.xdc:5]
WARNING: [Vivado 12-584] No ports matched 'led[0]'. [C:/Users/jmzip/Documents/Repos/CPU/CPU.srcs/constrs_1/new/Hardware.xdc:8]
CRITICAL WARNING: [Common 17-55] 'set_property' expects at least one object. [C:/Users/jmzip/Documents/Repos/CPU/CPU.srcs/constrs_1/new/Hardware.xdc:8]
Resolution: If [get_<value>] was used to populate the object, check to make sure this command returns at least one valid object.
WARNING: [Vivado 12-584] No ports matched 'led[1]'. [C:/Users/jmzip/Documents/Repos/CPU/CPU.srcs/constrs_1/new/Hardware.xdc:9]
CRITICAL WARNING: [Common 17-55] 'set_property' expects at least one object. [C:/Users/jmzip/Documents/Repos/CPU/CPU.srcs/constrs_1/new/Hardware.xdc:9]
Resolution: If [get_<value>] was used to populate the object, check to make sure this command returns at least one valid object.
WARNING: [Vivado 12-584] No ports matched 'led[2]'. [C:/Users/jmzip/Documents/Repos/CPU/CPU.srcs/constrs_1/new/Hardware.xdc:10]
CRITICAL WARNING: [Common 17-55] 'set_property' expects at least one object. [C:/Users/jmzip/Documents/Repos/CPU/CPU.srcs/constrs_1/new/Hardware.xdc:10]
Resolution: If [get_<value>] was used to populate the object, check to make sure this command returns at least one valid object.
WARNING: [Vivado 12-584] No ports matched 'led[3]'. [C:/Users/jmzip/Documents/Repos/CPU/CPU.srcs/constrs_1/new/Hardware.xdc:11]
CRITICAL WARNING: [Common 17-55] 'set_property' expects at least one object. [C:/Users/jmzip/Documents/Repos/CPU/CPU.srcs/constrs_1/new/Hardware.xdc:11]
Resolution: If [get_<value>] was used to populate the object, check to make sure this command returns at least one valid object.
WARNING: [Vivado 12-584] No ports matched 'prgmSwitch'. [C:/Users/jmzip/Documents/Repos/CPU/CPU.srcs/constrs_1/new/Hardware.xdc:85]
CRITICAL WARNING: [Common 17-55] 'set_property' expects at least one object. [C:/Users/jmzip/Documents/Repos/CPU/CPU.srcs/constrs_1/new/Hardware.xdc:85]
Resolution: If [get_<value>] was used to populate the object, check to make sure this command returns at least one valid object.
WARNING: [Vivado 12-584] No ports matched 'haltSwitch'. [C:/Users/jmzip/Documents/Repos/CPU/CPU.srcs/constrs_1/new/Hardware.xdc:86]
CRITICAL WARNING: [Common 17-55] 'set_property' expects at least one object. [C:/Users/jmzip/Documents/Repos/CPU/CPU.srcs/constrs_1/new/Hardware.xdc:86]
Resolution: If [get_<value>] was used to populate the object, check to make sure this command returns at least one valid object.
WARNING: [Vivado 12-584] No ports matched 'gotoSwitch'. [C:/Users/jmzip/Documents/Repos/CPU/CPU.srcs/constrs_1/new/Hardware.xdc:87]
CRITICAL WARNING: [Common 17-55] 'set_property' expects at least one object. [C:/Users/jmzip/Documents/Repos/CPU/CPU.srcs/constrs_1/new/Hardware.xdc:87]
Resolution: If [get_<value>] was used to populate the object, check to make sure this command returns at least one valid object.
CRITICAL WARNING: [Vivado 12-1419] Debug core 'u_ila_0' was not found. [C:/Users/jmzip/Documents/Repos/CPU/CPU.srcs/constrs_1/new/Hardware.xdc:409]
WARNING: [Vivado 12-507] No nets matched 'clk'. [C:/Users/jmzip/Documents/Repos/CPU/CPU.srcs/constrs_1/new/Hardware.xdc:414]
CRITICAL WARNING: [Vivado 12-1419] Debug core 'u_ila_0' was not found. [C:/Users/jmzip/Documents/Repos/CPU/CPU.srcs/constrs_1/new/Hardware.xdc:414]
WARNING: [Vivado 12-507] No nets matched 'uartStore[0]'. [C:/Users/jmzip/Documents/Repos/CPU/CPU.srcs/constrs_1/new/Hardware.xdc:425]
WARNING: [Vivado 12-507] No nets matched 'uartStore[1]'. [C:/Users/jmzip/Documents/Repos/CPU/CPU.srcs/constrs_1/new/Hardware.xdc:425]
WARNING: [Vivado 12-507] No nets matched 'uartStore[2]'. [C:/Users/jmzip/Documents/Repos/CPU/CPU.srcs/constrs_1/new/Hardware.xdc:425]
WARNING: [Vivado 12-507] No nets matched 'uartStore[3]'. [C:/Users/jmzip/Documents/Repos/CPU/CPU.srcs/constrs_1/new/Hardware.xdc:425]
WARNING: [Vivado 12-507] No nets matched 'uartStore[4]'. [C:/Users/jmzip/Documents/Repos/CPU/CPU.srcs/constrs_1/new/Hardware.xdc:425]
WARNING: [Vivado 12-507] No nets matched 'uartStore[5]'. [C:/Users/jmzip/Documents/Repos/CPU/CPU.srcs/constrs_1/new/Hardware.xdc:425]
WARNING: [Vivado 12-507] No nets matched 'uartStore[6]'. [C:/Users/jmzip/Documents/Repos/CPU/CPU.srcs/constrs_1/new/Hardware.xdc:425]
WARNING: [Vivado 12-507] No nets matched 'uartStore[7]'. [C:/Users/jmzip/Documents/Repos/CPU/CPU.srcs/constrs_1/new/Hardware.xdc:425]
CRITICAL WARNING: [Vivado 12-1419] Debug core 'u_ila_0' was not found. [C:/Users/jmzip/Documents/Repos/CPU/CPU.srcs/constrs_1/new/Hardware.xdc:425]
Finished Parsing XDC File [C:/Users/jmzip/Documents/Repos/CPU/CPU.srcs/constrs_1/new/Hardware.xdc]
INFO: [Opt 31-138] Pushed 0 inverter(s) to 0 load pin(s).
Netlist sorting complete. Time (s): cpu = 00:00:00 ; elapsed = 00:00:00.002 . Memory (MB): peak = 1034.418 ; gain = 0.000
INFO: [Project 1-111] Unisim Transformation Summary:
  A total of 9 instances were transformed.
  FDCP => FDCP (FDCE, FDPE, LDCE, LUT3, VCC): 1 instance 
  IOBUF => IOBUF (IBUF, OBUFT): 8 instances

The system cannot find the path specified.
7 Infos, 16 Warnings, 11 Critical Warnings and 0 Errors encountered.
link_design completed successfully
link_design: Time (s): cpu = 00:00:09 ; elapsed = 00:00:11 . Memory (MB): peak = 1034.418 ; gain = 533.941
Command: opt_design
Attempting to get a license for feature 'Implementation' and/or device 'xc7a35t'
INFO: [Common 17-349] Got license for feature 'Implementation' and/or device 'xc7a35t'
Running DRC as a precondition to command opt_design

Starting DRC Task
INFO: [DRC 23-27] Running DRC with 2 threads
INFO: [Project 1-461] DRC finished with 0 Errors
INFO: [Project 1-462] Please refer to the DRC report (report_drc) for more information.

Time (s): cpu = 00:00:03 ; elapsed = 00:00:02 . Memory (MB): peak = 1058.348 ; gain = 23.930

Starting Cache Timing Information Task
INFO: [Timing 38-35] Done setting XDC timing constraints.
Ending Cache Timing Information Task | Checksum: 1cb30bd3e

Time (s): cpu = 00:00:10 ; elapsed = 00:00:10 . Memory (MB): peak = 1608.156 ; gain = 549.809

Starting Logic Optimization Task

Phase 1 Initialization

Phase 1.1 Core Generation And Design Setup

Phase 1.1.1 Generate And Synthesize Debug Cores
INFO: [Chipscope 16-329] Generating Script for core instance : dbg_hub 
INFO: [IP_Flow 19-234] Refreshing IP repositories
INFO: [IP_Flow 19-1704] No user IP repositories specified
INFO: [IP_Flow 19-2313] Loaded Vivado IP repository 'C:/Xilinx/Vivado/2023.2/data/ip'.
INFO: [IP_Flow 19-3806] Processing IP xilinx.com:ip:xsdbm:3.0 for cell dbg_hub_CV.
INFO: [Chipscope 16-329] Generating Script for core instance : u_ila_0 
INFO: [IP_Flow 19-3806] Processing IP xilinx.com:ip:ila:6.2 for cell u_ila_0_CV.
INFO: [Chipscope 16-469] Using cached IP synthesis design for IP xilinx.com:ip:xsdbm:3.0, cache-ID = 9f7bb5ad51075899.
INFO: [Chipscope 16-469] Using cached IP synthesis design for IP xilinx.com:ip:ila:6.2, cache-ID = 75d83309e4d4ae3a.
Done building netlist checker database: Time (s): cpu = 00:00:00 ; elapsed = 00:00:00.002 . Memory (MB): peak = 2003.570 ; gain = 0.000
Done building netlist checker database: Time (s): cpu = 00:00:00 ; elapsed = 00:00:00.012 . Memory (MB): peak = 2003.570 ; gain = 0.000
Netlist sorting complete. Time (s): cpu = 00:00:00 ; elapsed = 00:00:00.230 . Memory (MB): peak = 2020.941 ; gain = 0.000
Phase 1.1.1 Generate And Synthesize Debug Cores | Checksum: 1ec03f02b

Time (s): cpu = 00:00:10 ; elapsed = 00:01:14 . Memory (MB): peak = 2020.941 ; gain = 45.758
Phase 1.1 Core Generation And Design Setup | Checksum: 1ec03f02b

Time (s): cpu = 00:00:10 ; elapsed = 00:01:14 . Memory (MB): peak = 2020.941 ; gain = 45.758

Phase 1.2 Setup Constraints And Sort Netlist
Phase 1.2 Setup Constraints And Sort Netlist | Checksum: 1ec03f02b

Time (s): cpu = 00:00:10 ; elapsed = 00:01:14 . Memory (MB): peak = 2020.941 ; gain = 45.758
Phase 1 Initialization | Checksum: 1ec03f02b

Time (s): cpu = 00:00:10 ; elapsed = 00:01:14 . Memory (MB): peak = 2020.941 ; gain = 45.758

Phase 2 Timer Update And Timing Data Collection

Phase 2.1 Timer Update
Phase 2.1 Timer Update | Checksum: 1ec03f02b

Time (s): cpu = 00:00:11 ; elapsed = 00:01:14 . Memory (MB): peak = 2020.941 ; gain = 45.758

Phase 2.2 Timing Data Collection
Phase 2.2 Timing Data Collection | Checksum: 1ec03f02b

Time (s): cpu = 00:00:11 ; elapsed = 00:01:14 . Memory (MB): peak = 2020.941 ; gain = 45.758
Phase 2 Timer Update And Timing Data Collection | Checksum: 1ec03f02b

Time (s): cpu = 00:00:11 ; elapsed = 00:01:14 . Memory (MB): peak = 2020.941 ; gain = 45.758

Phase 3 Retarget
INFO: [Opt 31-1566] Pulled 2 inverters resulting in an inversion of 22 pins
INFO: [Opt 31-138] Pushed 1 inverter(s) to 1 load pin(s).
INFO: [Opt 31-49] Retargeted 0 cell(s).
Phase 3 Retarget | Checksum: 1ba65af55

Time (s): cpu = 00:00:11 ; elapsed = 00:01:15 . Memory (MB): peak = 2020.941 ; gain = 45.758
Retarget | Checksum: 1ba65af55
INFO: [Opt 31-389] Phase Retarget created 4 cells and removed 13 cells
INFO: [Opt 31-1021] In phase Retarget, 117 netlist objects are constrained preventing optimization. Please run opt_design with -debug_log to get more detail. 

Phase 4 Constant propagation
INFO: [Opt 31-138] Pushed 0 inverter(s) to 0 load pin(s).
Phase 4 Constant propagation | Checksum: 1fb70bfd0

Time (s): cpu = 00:00:12 ; elapsed = 00:01:15 . Memory (MB): peak = 2020.941 ; gain = 45.758
Constant propagation | Checksum: 1fb70bfd0
INFO: [Opt 31-389] Phase Constant propagation created 0 cells and removed 16 cells
INFO: [Opt 31-1021] In phase Constant propagation, 67 netlist objects are constrained preventing optimization. Please run opt_design with -debug_log to get more detail. 

Phase 5 Sweep
Phase 5 Sweep | Checksum: 144f315d8

Time (s): cpu = 00:00:12 ; elapsed = 00:01:15 . Memory (MB): peak = 2020.941 ; gain = 45.758
Sweep | Checksum: 144f315d8
INFO: [Opt 31-389] Phase Sweep created 0 cells and removed 45 cells
INFO: [Opt 31-1021] In phase Sweep, 1315 netlist objects are constrained preventing optimization. Please run opt_design with -debug_log to get more detail. 

Phase 6 BUFG optimization
Phase 6 BUFG optimization | Checksum: 144f315d8

Time (s): cpu = 00:00:13 ; elapsed = 00:01:16 . Memory (MB): peak = 2020.941 ; gain = 45.758
BUFG optimization | Checksum: 144f315d8
INFO: [Opt 31-662] Phase BUFG optimization created 0 cells of which 0 are BUFGs and removed 0 cells.

Phase 7 Shift Register Optimization
WARNING: [Opt 31-1131] Can not pull register out from u_ila_0/inst/ila_core_inst/u_ila_cap_ctrl/U_CDONE/I_YESLUT6.U_SRL32_A due to none static srl address bits
WARNING: [Opt 31-1131] Can not pull register out from u_ila_0/inst/ila_core_inst/u_ila_cap_ctrl/U_CDONE/I_YESLUT6.U_SRL32_B due to none static srl address bits
WARNING: [Opt 31-1131] Can not pull register out from u_ila_0/inst/ila_core_inst/u_ila_cap_ctrl/U_NS0/I_YESLUT6.U_SRL32_A due to none static srl address bits
WARNING: [Opt 31-1131] Can not pull register out from u_ila_0/inst/ila_core_inst/u_ila_cap_ctrl/U_NS0/I_YESLUT6.U_SRL32_B due to none static srl address bits
WARNING: [Opt 31-1131] Can not pull register out from u_ila_0/inst/ila_core_inst/u_ila_cap_ctrl/U_NS0/I_YESLUT6.U_SRL32_C due to none static srl address bits
WARNING: [Opt 31-1131] Can not pull register out from u_ila_0/inst/ila_core_inst/u_ila_cap_ctrl/U_NS0/I_YESLUT6.U_SRL32_D due to none static srl address bits
WARNING: [Opt 31-1131] Can not pull register out from u_ila_0/inst/ila_core_inst/u_ila_cap_ctrl/U_NS1/I_YESLUT6.U_SRL32_A due to none static srl address bits
WARNING: [Opt 31-1131] Can not pull register out from u_ila_0/inst/ila_core_inst/u_ila_cap_ctrl/U_NS1/I_YESLUT6.U_SRL32_B due to none static srl address bits
WARNING: [Opt 31-1131] Can not pull register out from u_ila_0/inst/ila_core_inst/u_ila_cap_ctrl/U_NS1/I_YESLUT6.U_SRL32_C due to none static srl address bits
WARNING: [Opt 31-1131] Can not pull register out from u_ila_0/inst/ila_core_inst/u_ila_cap_ctrl/U_NS1/I_YESLUT6.U_SRL32_D due to none static srl address bits
WARNING: [Opt 31-1131] Can not pull register out from u_ila_0/inst/ila_core_inst/u_ila_cap_ctrl/u_cap_addrgen/U_CMPRESET/I_YESLUT6.U_SRL32_A due to none static srl address bits
WARNING: [Opt 31-1131] Can not pull register out from u_ila_0/inst/ila_core_inst/u_ila_cap_ctrl/u_cap_addrgen/U_CMPRESET/I_YESLUT6.U_SRL32_B due to none static srl address bits
WARNING: [Opt 31-1131] Can not pull register out from u_ila_0/inst/ila_core_inst/u_ila_cap_ctrl/u_cap_addrgen/u_cap_window_counter/U_WCE/I_YESLUT6.U_SRLC16E due to none static srl address bits
WARNING: [Opt 31-1131] Can not pull register out from u_ila_0/inst/ila_core_inst/u_ila_cap_ctrl/u_cap_addrgen/u_cap_window_counter/U_WHCMPCE/I_YESLUT6.U_SRL32 due to none static srl address bits
WARNING: [Opt 31-1131] Can not pull register out from u_ila_0/inst/ila_core_inst/u_ila_cap_ctrl/u_cap_addrgen/u_cap_window_counter/U_WLCMPCE/I_YESLUT6.U_SRL32 due to none static srl address bits
WARNING: [Opt 31-1131] Can not pull register out from u_ila_0/inst/ila_core_inst/u_ila_cap_ctrl/u_cap_addrgen/u_cap_sample_counter/U_SCE/I_YESLUT6.U_SRLC16E due to none static srl address bits
WARNING: [Opt 31-1131] Can not pull register out from u_ila_0/inst/ila_core_inst/u_ila_cap_ctrl/u_cap_addrgen/u_cap_sample_counter/U_SCMPCE/I_YESLUT6.U_SRL32 due to none static srl address bits
WARNING: [Opt 31-1131] Can not pull register out from u_ila_0/inst/ila_core_inst/u_ila_cap_ctrl/u_cap_addrgen/u_cap_sample_counter/U_SCRST/I_YESLUT6.U_SRL32_A due to none static srl address bits
WARNING: [Opt 31-1131] Can not pull register out from u_ila_0/inst/ila_core_inst/u_ila_cap_ctrl/u_cap_addrgen/u_cap_sample_counter/U_SCRST/I_YESLUT6.U_SRL32_B due to none static srl address bits
INFO: [Opt 31-1064] SRL Remap converted 0 SRLs to 0 registers and converted 0 registers of register chains to 0 SRLs
Phase 7 Shift Register Optimization | Checksum: 144f315d8

Time (s): cpu = 00:00:13 ; elapsed = 00:01:16 . Memory (MB): peak = 2020.941 ; gain = 45.758
Shift Register Optimization | Checksum: 144f315d8
INFO: [Opt 31-389] Phase Shift Register Optimization created 0 cells and removed 0 cells

Phase 8 Post Processing Netlist
Phase 8 Post Processing Netlist | Checksum: 144f315d8

Time (s): cpu = 00:00:13 ; elapsed = 00:01:16 . Memory (MB): peak = 2020.941 ; gain = 45.758
Post Processing Netlist | Checksum: 144f315d8
INFO: [Opt 31-389] Phase Post Processing Netlist created 0 cells and removed 0 cells
INFO: [Opt 31-1021] In phase Post Processing Netlist, 65 netlist objects are constrained preventing optimization. Please run opt_design with -debug_log to get more detail. 

Phase 9 Finalization

Phase 9.1 Finalizing Design Cores and Updating Shapes
Phase 9.1 Finalizing Design Cores and Updating Shapes | Checksum: 2824affaf

Time (s): cpu = 00:00:13 ; elapsed = 00:01:16 . Memory (MB): peak = 2020.941 ; gain = 45.758

Phase 9.2 Verifying Netlist Connectivity

Starting Connectivity Check Task

Time (s): cpu = 00:00:00 ; elapsed = 00:00:00.033 . Memory (MB): peak = 2020.941 ; gain = 0.000
Phase 9.2 Verifying Netlist Connectivity | Checksum: 2824affaf

Time (s): cpu = 00:00:13 ; elapsed = 00:01:16 . Memory (MB): peak = 2020.941 ; gain = 45.758
Phase 9 Finalization | Checksum: 2824affaf

Time (s): cpu = 00:00:13 ; elapsed = 00:01:16 . Memory (MB): peak = 2020.941 ; gain = 45.758
Opt_design Change Summary
=========================


-------------------------------------------------------------------------------------------------------------------------
|  Phase                        |  #Cells created  |  #Cells Removed  |  #Constrained objects preventing optimizations  |
-------------------------------------------------------------------------------------------------------------------------
|  Retarget                     |               4  |              13  |                                            117  |
|  Constant propagation         |               0  |              16  |                                             67  |
|  Sweep                        |               0  |              45  |                                           1315  |
|  BUFG optimization            |               0  |               0  |                                              0  |
|  Shift Register Optimization  |               0  |               0  |                                              0  |
|  Post Processing Netlist      |               0  |               0  |                                             65  |
-------------------------------------------------------------------------------------------------------------------------


Ending Logic Optimization Task | Checksum: 2824affaf

Time (s): cpu = 00:00:13 ; elapsed = 00:01:16 . Memory (MB): peak = 2020.941 ; gain = 45.758
INFO: [Constraints 18-11670] Building netlist checker database with flags, 0x8
Done building netlist checker database: Time (s): cpu = 00:00:00 ; elapsed = 00:00:00.006 . Memory (MB): peak = 2020.941 ; gain = 0.000

Starting Power Optimization Task
INFO: [Pwropt 34-132] Skipping clock gating for clocks with a period < 2.00 ns.
INFO: [Timing 38-35] Done setting XDC timing constraints.
INFO: [Pwropt 34-9] Applying IDT optimizations ...
INFO: [Pwropt 34-10] Applying ODC optimizations ...
Running Vector-less Activity Propagation...

Finished Running Vector-less Activity Propagation


Starting PowerOpt Patch Enables Task
INFO: [Pwropt 34-162] WRITE_MODE attribute of 0 BRAM(s) out of a total of 18 has been updated to save power. Run report_power_opt to get a complete listing of the BRAMs updated.
INFO: [Pwropt 34-201] Structural ODC has moved 0 WE to EN ports
Number of BRAM Ports augmented: 18 newly gated: 0 Total Ports: 36
Ending PowerOpt Patch Enables Task | Checksum: 1a4aa215d

Time (s): cpu = 00:00:00 ; elapsed = 00:00:00.159 . Memory (MB): peak = 2181.695 ; gain = 0.000
Ending Power Optimization Task | Checksum: 1a4aa215d

Time (s): cpu = 00:00:10 ; elapsed = 00:00:06 . Memory (MB): peak = 2181.695 ; gain = 160.754

Starting Final Cleanup Task
Ending Final Cleanup Task | Checksum: 1a4aa215d

Time (s): cpu = 00:00:00 ; elapsed = 00:00:00.003 . Memory (MB): peak = 2181.695 ; gain = 0.000

Starting Netlist Obfuscation Task
Netlist sorting complete. Time (s): cpu = 00:00:00 ; elapsed = 00:00:00.012 . Memory (MB): peak = 2181.695 ; gain = 0.000
Ending Netlist Obfuscation Task | Checksum: 2092a311d

Time (s): cpu = 00:00:00 ; elapsed = 00:00:00.016 . Memory (MB): peak = 2181.695 ; gain = 0.000
INFO: [Common 17-83] Releasing license: Implementation
53 Infos, 83 Warnings, 11 Critical Warnings and 0 Errors encountered.
opt_design completed successfully
opt_design: Time (s): cpu = 00:00:40 ; elapsed = 00:01:39 . Memory (MB): peak = 2181.695 ; gain = 1147.277
INFO: [runtcl-4] Executing : report_drc -file IO_drc_opted.rpt -pb IO_drc_opted.pb -rpx IO_drc_opted.rpx
Command: report_drc -file IO_drc_opted.rpt -pb IO_drc_opted.pb -rpx IO_drc_opted.rpx
INFO: [IP_Flow 19-1839] IP Catalog is up to date.
INFO: [DRC 23-27] Running DRC with 2 threads
INFO: [Vivado_Tcl 2-168] The results of DRC are in file C:/Users/jmzip/Documents/Repos/CPU/CPU.runs/impl_1/IO_drc_opted.rpt.
report_drc completed successfully
INFO: [Timing 38-35] Done setting XDC timing constraints.
INFO: [Timing 38-480] Writing timing data to binary archive.
Wrote PlaceDB: Time (s): cpu = 00:00:00 ; elapsed = 00:00:00.008 . Memory (MB): peak = 2181.695 ; gain = 0.000
Wrote PulsedLatchDB: Time (s): cpu = 00:00:00 ; elapsed = 00:00:00 . Memory (MB): peak = 2181.695 ; gain = 0.000
Writing XDEF routing.
Writing XDEF routing logical nets.
Write ShapeDB Complete: Time (s): cpu = 00:00:00 ; elapsed = 00:00:00.053 . Memory (MB): peak = 2181.695 ; gain = 0.000
Writing XDEF routing special nets.
Wrote RouteStorage: Time (s): cpu = 00:00:00 ; elapsed = 00:00:00.054 . Memory (MB): peak = 2181.695 ; gain = 0.000
Wrote Netlist Cache: Time (s): cpu = 00:00:00 ; elapsed = 00:00:00 . Memory (MB): peak = 2181.695 ; gain = 0.000
Wrote Device Cache: Time (s): cpu = 00:00:00 ; elapsed = 00:00:00.009 . Memory (MB): peak = 2181.695 ; gain = 0.000
Write Physdb Complete: Time (s): cpu = 00:00:00 ; elapsed = 00:00:00.083 . Memory (MB): peak = 2181.695 ; gain = 0.000
INFO: [Common 17-1381] The checkpoint 'C:/Users/jmzip/Documents/Repos/CPU/CPU.runs/impl_1/IO_opt.dcp' has been generated.
INFO: [Chipscope 16-240] Debug cores have already been implemented
Command: place_design
Attempting to get a license for feature 'Implementation' and/or device 'xc7a35t'
INFO: [Common 17-349] Got license for feature 'Implementation' and/or device 'xc7a35t'
INFO: [Common 17-83] Releasing license: Implementation
INFO: [DRC 23-27] Running DRC with 2 threads
INFO: [Vivado_Tcl 4-198] DRC finished with 0 Errors
INFO: [Vivado_Tcl 4-199] Please refer to the DRC report (report_drc) for more information.
Running DRC as a precondition to command place_design
INFO: [DRC 23-27] Running DRC with 2 threads
INFO: [Vivado_Tcl 4-198] DRC finished with 0 Errors
INFO: [Vivado_Tcl 4-199] Please refer to the DRC report (report_drc) for more information.
INFO: [Place 30-611] Multithreading enabled for place_design using a maximum of 2 CPUs

Starting Placer Task

Phase 1 Placer Initialization

Phase 1.1 Placer Initialization Netlist Sorting
Netlist sorting complete. Time (s): cpu = 00:00:00 ; elapsed = 00:00:00.009 . Memory (MB): peak = 2181.695 ; gain = 0.000
Phase 1.1 Placer Initialization Netlist Sorting | Checksum: 19724098a

Time (s): cpu = 00:00:00 ; elapsed = 00:00:00.023 . Memory (MB): peak = 2181.695 ; gain = 0.000
Netlist sorting complete. Time (s): cpu = 00:00:00 ; elapsed = 00:00:00.008 . Memory (MB): peak = 2181.695 ; gain = 0.000

Phase 1.2 IO Placement/ Clock Placement/ Build Placer Device
Phase 1.2 IO Placement/ Clock Placement/ Build Placer Device | Checksum: 95bb7b8e

Time (s): cpu = 00:00:02 ; elapsed = 00:00:01 . Memory (MB): peak = 2181.695 ; gain = 0.000

Phase 1.3 Build Placer Netlist Model
Phase 1.3 Build Placer Netlist Model | Checksum: cc01eb9b

Time (s): cpu = 00:00:08 ; elapsed = 00:00:05 . Memory (MB): peak = 2181.695 ; gain = 0.000

Phase 1.4 Constrain Clocks/Macros
Phase 1.4 Constrain Clocks/Macros | Checksum: cc01eb9b

Time (s): cpu = 00:00:08 ; elapsed = 00:00:05 . Memory (MB): peak = 2181.695 ; gain = 0.000
Phase 1 Placer Initialization | Checksum: cc01eb9b

Time (s): cpu = 00:00:08 ; elapsed = 00:00:05 . Memory (MB): peak = 2181.695 ; gain = 0.000

Phase 2 Global Placement

Phase 2.1 Floorplanning
Phase 2.1 Floorplanning | Checksum: 14671575e

Time (s): cpu = 00:00:10 ; elapsed = 00:00:07 . Memory (MB): peak = 2181.695 ; gain = 0.000

Phase 2.2 Update Timing before SLR Path Opt
Phase 2.2 Update Timing before SLR Path Opt | Checksum: d42a9eba

Time (s): cpu = 00:00:12 ; elapsed = 00:00:08 . Memory (MB): peak = 2181.695 ; gain = 0.000

Phase 2.3 Post-Processing in Floorplanning
Phase 2.3 Post-Processing in Floorplanning | Checksum: d42a9eba

Time (s): cpu = 00:00:12 ; elapsed = 00:00:08 . Memory (MB): peak = 2181.695 ; gain = 0.000

Phase 2.4 Global Placement Core

Phase 2.4.1 UpdateTiming Before Physical Synthesis
Phase 2.4.1 UpdateTiming Before Physical Synthesis | Checksum: 14aefadd9

Time (s): cpu = 00:00:30 ; elapsed = 00:00:18 . Memory (MB): peak = 2181.695 ; gain = 0.000

Phase 2.4.2 Physical Synthesis In Placer
INFO: [Physopt 32-1035] Found 0 LUTNM shape to break, 556 LUT instances to create LUTNM shape
INFO: [Physopt 32-1044] Break lutnm for timing: one critical 0, two critical 0, total 0, new lutff created 0
INFO: [Physopt 32-1138] End 1 Pass. Optimized 266 nets or LUTs. Breaked 0 LUT, combined 266 existing LUTs and moved 0 existing LUT
INFO: [Physopt 32-65] No nets found for high-fanout optimization.
INFO: [Physopt 32-232] Optimized 0 net. Created 0 new instance.
INFO: [Physopt 32-775] End 1 Pass. Optimized 0 net or cell. Created 0 new cell, deleted 0 existing cell and moved 0 existing cell
INFO: [Physopt 32-670] No setup violation found.  DSP Register Optimization was not performed.
INFO: [Physopt 32-670] No setup violation found.  Shift Register to Pipeline Optimization was not performed.
INFO: [Physopt 32-670] No setup violation found.  Shift Register Optimization was not performed.
INFO: [Physopt 32-670] No setup violation found.  BRAM Register Optimization was not performed.
INFO: [Physopt 32-670] No setup violation found.  URAM Register Optimization was not performed.
INFO: [Physopt 32-949] No candidate nets found for dynamic/static region interface net replication
INFO: [Physopt 32-775] End 1 Pass. Optimized 0 net or cell. Created 0 new cell, deleted 0 existing cell and moved 0 existing cell
Netlist sorting complete. Time (s): cpu = 00:00:00 ; elapsed = 00:00:00.009 . Memory (MB): peak = 2181.695 ; gain = 0.000

Summary of Physical Synthesis Optimizations
============================================


-----------------------------------------------------------------------------------------------------------------------------------------------------------
|  Optimization                                     |  Added Cells  |  Removed Cells  |  Optimized Cells/Nets  |  Dont Touch  |  Iterations  |  Elapsed   |
-----------------------------------------------------------------------------------------------------------------------------------------------------------
|  LUT Combining                                    |            0  |            266  |                   266  |           0  |           1  |  00:00:01  |
|  Retime                                           |            0  |              0  |                     0  |           0  |           1  |  00:00:00  |
|  Very High Fanout                                 |            0  |              0  |                     0  |           0  |           1  |  00:00:00  |
|  DSP Register                                     |            0  |              0  |                     0  |           0  |           0  |  00:00:00  |
|  Shift Register to Pipeline                       |            0  |              0  |                     0  |           0  |           0  |  00:00:00  |
|  Shift Register                                   |            0  |              0  |                     0  |           0  |           0  |  00:00:00  |
|  BRAM Register                                    |            0  |              0  |                     0  |           0  |           0  |  00:00:00  |
|  URAM Register                                    |            0  |              0  |                     0  |           0  |           0  |  00:00:00  |
|  Dynamic/Static Region Interface Net Replication  |            0  |              0  |                     0  |           0  |           1  |  00:00:00  |
|  Total                                            |            0  |            266  |                   266  |           0  |           4  |  00:00:01  |
-----------------------------------------------------------------------------------------------------------------------------------------------------------


Phase 2.4.2 Physical Synthesis In Placer | Checksum: 20a3e1dcb

Time (s): cpu = 00:00:33 ; elapsed = 00:00:20 . Memory (MB): peak = 2181.695 ; gain = 0.000
Phase 2.4 Global Placement Core | Checksum: 21dfeb264

Time (s): cpu = 00:00:34 ; elapsed = 00:00:21 . Memory (MB): peak = 2181.695 ; gain = 0.000
Phase 2 Global Placement | Checksum: 21dfeb264

Time (s): cpu = 00:00:34 ; elapsed = 00:00:21 . Memory (MB): peak = 2181.695 ; gain = 0.000

Phase 3 Detail Placement

Phase 3.1 Commit Multi Column Macros
Phase 3.1 Commit Multi Column Macros | Checksum: 21058dc9e

Time (s): cpu = 00:00:36 ; elapsed = 00:00:22 . Memory (MB): peak = 2181.695 ; gain = 0.000

Phase 3.2 Commit Most Macros & LUTRAMs
Phase 3.2 Commit Most Macros & LUTRAMs | Checksum: 212a03e3b

Time (s): cpu = 00:00:40 ; elapsed = 00:00:24 . Memory (MB): peak = 2181.695 ; gain = 0.000

Phase 3.3 Area Swap Optimization
Phase 3.3 Area Swap Optimization | Checksum: 1d46e945c

Time (s): cpu = 00:00:41 ; elapsed = 00:00:25 . Memory (MB): peak = 2181.695 ; gain = 0.000

Phase 3.4 Pipeline Register Optimization
Phase 3.4 Pipeline Register Optimization | Checksum: 1b6afff08

Time (s): cpu = 00:00:41 ; elapsed = 00:00:25 . Memory (MB): peak = 2181.695 ; gain = 0.000

Phase 3.5 Small Shape Detail Placement
Phase 3.5 Small Shape Detail Placement | Checksum: 1a78516b9

Time (s): cpu = 00:00:49 ; elapsed = 00:00:33 . Memory (MB): peak = 2181.695 ; gain = 0.000

Phase 3.6 Re-assign LUT pins
Phase 3.6 Re-assign LUT pins | Checksum: 1a4d05680

Time (s): cpu = 00:00:49 ; elapsed = 00:00:34 . Memory (MB): peak = 2181.695 ; gain = 0.000

Phase 3.7 Pipeline Register Optimization
Phase 3.7 Pipeline Register Optimization | Checksum: 1bb4d3628

Time (s): cpu = 00:00:50 ; elapsed = 00:00:34 . Memory (MB): peak = 2181.695 ; gain = 0.000
Phase 3 Detail Placement | Checksum: 1bb4d3628

Time (s): cpu = 00:00:50 ; elapsed = 00:00:34 . Memory (MB): peak = 2181.695 ; gain = 0.000

Phase 4 Post Placement Optimization and Clean-Up

Phase 4.1 Post Commit Optimization
INFO: [Timing 38-35] Done setting XDC timing constraints.

Phase 4.1.1 Post Placement Optimization
Post Placement Optimization Initialization | Checksum: 15999a863

Phase 4.1.1.1 BUFG Insertion

Starting Physical Synthesis Task

Phase 1 Physical Synthesis Initialization
INFO: [Physopt 32-721] Multithreading enabled for phys_opt_design using a maximum of 2 CPUs
INFO: [Physopt 32-619] Estimated Timing Summary | WNS=9.553 | TNS=0.000 |
Phase 1 Physical Synthesis Initialization | Checksum: dbe48a33

Time (s): cpu = 00:00:02 ; elapsed = 00:00:00.902 . Memory (MB): peak = 2181.695 ; gain = 0.000
INFO: [Place 46-56] BUFG insertion identified 0 candidate nets. Inserted BUFG: 0, Replicated BUFG Driver: 0, Skipped due to Placement/Routing Conflicts: 0, Skipped due to Timing Degradation: 0, Skipped due to netlist editing failed: 0.
Ending Physical Synthesis Task | Checksum: dbe48a33

Time (s): cpu = 00:00:02 ; elapsed = 00:00:01 . Memory (MB): peak = 2181.695 ; gain = 0.000
Phase 4.1.1.1 BUFG Insertion | Checksum: 15999a863

Time (s): cpu = 00:00:59 ; elapsed = 00:00:40 . Memory (MB): peak = 2181.695 ; gain = 0.000

Phase 4.1.1.2 Post Placement Timing Optimization
INFO: [Place 30-746] Post Placement Timing Summary WNS=9.553. For the most accurate timing information please run report_timing.
Phase 4.1.1.2 Post Placement Timing Optimization | Checksum: 15acfc286

Time (s): cpu = 00:00:59 ; elapsed = 00:00:40 . Memory (MB): peak = 2181.695 ; gain = 0.000

Time (s): cpu = 00:00:59 ; elapsed = 00:00:40 . Memory (MB): peak = 2181.695 ; gain = 0.000
Phase 4.1 Post Commit Optimization | Checksum: 15acfc286

Time (s): cpu = 00:00:59 ; elapsed = 00:00:40 . Memory (MB): peak = 2181.695 ; gain = 0.000

Phase 4.2 Post Placement Cleanup
Phase 4.2 Post Placement Cleanup | Checksum: 15acfc286

Time (s): cpu = 00:00:59 ; elapsed = 00:00:40 . Memory (MB): peak = 2181.695 ; gain = 0.000

Phase 4.3 Placer Reporting

Phase 4.3.1 Print Estimated Congestion
INFO: [Place 30-612] Post-Placement Estimated Congestion 
 ____________________________________________________
|           | Global Congestion | Short Congestion  |
| Direction | Region Size       | Region Size       |
|___________|___________________|___________________|
|      North|                1x1|                1x1|
|___________|___________________|___________________|
|      South|                1x1|                1x1|
|___________|___________________|___________________|
|       East|                1x1|                1x1|
|___________|___________________|___________________|
|       West|                1x1|                1x1|
|___________|___________________|___________________|

Phase 4.3.1 Print Estimated Congestion | Checksum: 15acfc286

Time (s): cpu = 00:00:59 ; elapsed = 00:00:40 . Memory (MB): peak = 2181.695 ; gain = 0.000
Phase 4.3 Placer Reporting | Checksum: 15acfc286

Time (s): cpu = 00:01:00 ; elapsed = 00:00:40 . Memory (MB): peak = 2181.695 ; gain = 0.000

Phase 4.4 Final Placement Cleanup
Netlist sorting complete. Time (s): cpu = 00:00:00 ; elapsed = 00:00:00.008 . Memory (MB): peak = 2181.695 ; gain = 0.000

Time (s): cpu = 00:01:00 ; elapsed = 00:00:40 . Memory (MB): peak = 2181.695 ; gain = 0.000
Phase 4 Post Placement Optimization and Clean-Up | Checksum: 14f53e555

Time (s): cpu = 00:01:00 ; elapsed = 00:00:40 . Memory (MB): peak = 2181.695 ; gain = 0.000
Ending Placer Task | Checksum: 5e62856f

Time (s): cpu = 00:01:00 ; elapsed = 00:00:41 . Memory (MB): peak = 2181.695 ; gain = 0.000
89 Infos, 83 Warnings, 11 Critical Warnings and 0 Errors encountered.
place_design completed successfully
place_design: Time (s): cpu = 00:01:03 ; elapsed = 00:00:42 . Memory (MB): peak = 2181.695 ; gain = 0.000
INFO: [runtcl-4] Executing : report_io -file IO_io_placed.rpt
report_io: Time (s): cpu = 00:00:00 ; elapsed = 00:00:00.129 . Memory (MB): peak = 2181.695 ; gain = 0.000
INFO: [runtcl-4] Executing : report_utilization -file IO_utilization_placed.rpt -pb IO_utilization_placed.pb
INFO: [runtcl-4] Executing : report_control_sets -verbose -file IO_control_sets_placed.rpt
report_control_sets: Time (s): cpu = 00:00:00 ; elapsed = 00:00:00.061 . Memory (MB): peak = 2181.695 ; gain = 0.000
INFO: [Timing 38-480] Writing timing data to binary archive.
Write ShapeDB Complete: Time (s): cpu = 00:00:01 ; elapsed = 00:00:00.076 . Memory (MB): peak = 2181.695 ; gain = 0.000
Wrote PlaceDB: Time (s): cpu = 00:00:04 ; elapsed = 00:00:01 . Memory (MB): peak = 2181.695 ; gain = 0.000
Wrote PulsedLatchDB: Time (s): cpu = 00:00:00 ; elapsed = 00:00:00 . Memory (MB): peak = 2181.695 ; gain = 0.000
Writing XDEF routing.
Writing XDEF routing logical nets.
Writing XDEF routing special nets.
Wrote RouteStorage: Time (s): cpu = 00:00:01 ; elapsed = 00:00:00.036 . Memory (MB): peak = 2181.695 ; gain = 0.000
Wrote Netlist Cache: Time (s): cpu = 00:00:00 ; elapsed = 00:00:00.027 . Memory (MB): peak = 2181.695 ; gain = 0.000
Wrote Device Cache: Time (s): cpu = 00:00:00 ; elapsed = 00:00:00.010 . Memory (MB): peak = 2181.695 ; gain = 0.000
Write Physdb Complete: Time (s): cpu = 00:00:05 ; elapsed = 00:00:02 . Memory (MB): peak = 2181.695 ; gain = 0.000
INFO: [Common 17-1381] The checkpoint 'C:/Users/jmzip/Documents/Repos/CPU/CPU.runs/impl_1/IO_placed.dcp' has been generated.
write_checkpoint: Time (s): cpu = 00:00:09 ; elapsed = 00:00:06 . Memory (MB): peak = 2181.695 ; gain = 0.000
Command: phys_opt_design
Attempting to get a license for feature 'Implementation' and/or device 'xc7a35t'
INFO: [Common 17-349] Got license for feature 'Implementation' and/or device 'xc7a35t'

Starting Initial Update Timing Task

Time (s): cpu = 00:00:06 ; elapsed = 00:00:03 . Memory (MB): peak = 2181.695 ; gain = 0.000
INFO: [Vivado_Tcl 4-383] Design worst setup slack (WNS) is greater than or equal to 0.000 ns. Skipping all physical synthesis optimizations.
INFO: [Vivado_Tcl 4-232] No setup violation found. The netlist was not modified.
INFO: [Common 17-83] Releasing license: Implementation
98 Infos, 83 Warnings, 11 Critical Warnings and 0 Errors encountered.
phys_opt_design completed successfully
INFO: [Timing 38-480] Writing timing data to binary archive.
Write ShapeDB Complete: Time (s): cpu = 00:00:00 ; elapsed = 00:00:00.071 . Memory (MB): peak = 2181.695 ; gain = 0.000
Wrote PlaceDB: Time (s): cpu = 00:00:04 ; elapsed = 00:00:02 . Memory (MB): peak = 2181.695 ; gain = 0.000
Wrote PulsedLatchDB: Time (s): cpu = 00:00:00 ; elapsed = 00:00:00 . Memory (MB): peak = 2181.695 ; gain = 0.000
Writing XDEF routing.
Writing XDEF routing logical nets.
Writing XDEF routing special nets.
Wrote RouteStorage: Time (s): cpu = 00:00:00 ; elapsed = 00:00:00.035 . Memory (MB): peak = 2181.695 ; gain = 0.000
Wrote Netlist Cache: Time (s): cpu = 00:00:00 ; elapsed = 00:00:00.029 . Memory (MB): peak = 2181.695 ; gain = 0.000
Wrote Device Cache: Time (s): cpu = 00:00:00 ; elapsed = 00:00:00.007 . Memory (MB): peak = 2181.695 ; gain = 0.000
Write Physdb Complete: Time (s): cpu = 00:00:04 ; elapsed = 00:00:02 . Memory (MB): peak = 2181.695 ; gain = 0.000
INFO: [Common 17-1381] The checkpoint 'C:/Users/jmzip/Documents/Repos/CPU/CPU.runs/impl_1/IO_physopt.dcp' has been generated.
Command: route_design
Attempting to get a license for feature 'Implementation' and/or device 'xc7a35t'
INFO: [Common 17-349] Got license for feature 'Implementation' and/or device 'xc7a35t'
Running DRC as a precondition to command route_design
INFO: [DRC 23-27] Running DRC with 2 threads
INFO: [Vivado_Tcl 4-198] DRC finished with 0 Errors
INFO: [Vivado_Tcl 4-199] Please refer to the DRC report (report_drc) for more information.


Starting Routing Task
INFO: [Route 35-254] Multithreading enabled for route_design using a maximum of 8 CPUs

Phase 1 Build RT Design
Checksum: PlaceDB: 542c0f89 ConstDB: 0 ShapeSum: a3675e6 RouteDB: 0
Post Restoration Checksum: NetGraph: 38091624 | NumContArr: e5e017f0 | Constraints: c2a8fa9d | Timing: c2a8fa9d
Phase 1 Build RT Design | Checksum: 2a33b234e

Time (s): cpu = 00:00:37 ; elapsed = 00:00:29 . Memory (MB): peak = 2299.668 ; gain = 107.875

Phase 2 Router Initialization

Phase 2.1 Fix Topology Constraints
Phase 2.1 Fix Topology Constraints | Checksum: 2a33b234e

Time (s): cpu = 00:00:37 ; elapsed = 00:00:30 . Memory (MB): peak = 2299.668 ; gain = 107.875

Phase 2.2 Pre Route Cleanup
Phase 2.2 Pre Route Cleanup | Checksum: 2a33b234e

Time (s): cpu = 00:00:37 ; elapsed = 00:00:30 . Memory (MB): peak = 2299.668 ; gain = 107.875
 Number of Nodes with overlaps = 0

Phase 2.3 Update Timing
Phase 2.3 Update Timing | Checksum: 252e8a2ea

Time (s): cpu = 00:00:48 ; elapsed = 00:00:36 . Memory (MB): peak = 2311.070 ; gain = 119.277
INFO: [Route 35-416] Intermediate Timing Summary | WNS=9.899  | TNS=0.000  | WHS=-0.195 | THS=-162.114|


Phase 2.4 Update Timing for Bus Skew

Phase 2.4.1 Update Timing
Phase 2.4.1 Update Timing | Checksum: 2adc9c6bc

Time (s): cpu = 00:00:53 ; elapsed = 00:00:39 . Memory (MB): peak = 2317.641 ; gain = 125.848
INFO: [Route 35-416] Intermediate Timing Summary | WNS=9.899  | TNS=0.000  | WHS=N/A    | THS=N/A    |

Phase 2.4 Update Timing for Bus Skew | Checksum: 2b3171932

Time (s): cpu = 00:00:53 ; elapsed = 00:00:39 . Memory (MB): peak = 2331.734 ; gain = 139.941

Router Utilization Summary
  Global Vertical Routing Utilization    = 0.0318106 %
  Global Horizontal Routing Utilization  = 0.0551796 %
  Routable Net Status*
  *Does not include unroutable nets such as driverless and loadless.
  Run report_route_status for detailed report.
  Number of Failed Nets               = 11139
    (Failed Nets is the sum of unrouted and partially routed nets)
  Number of Unrouted Nets             = 11038
  Number of Partially Routed Nets     = 101
  Number of Node Overlaps             = 116

Phase 2 Router Initialization | Checksum: 2eeaad7a9

Time (s): cpu = 00:00:53 ; elapsed = 00:00:39 . Memory (MB): peak = 2346.656 ; gain = 154.863

Phase 3 Initial Routing

Phase 3.1 Global Routing
Phase 3.1 Global Routing | Checksum: 2eeaad7a9

Time (s): cpu = 00:00:53 ; elapsed = 00:00:39 . Memory (MB): peak = 2346.656 ; gain = 154.863

Phase 3.2 Initial Net Routing
Phase 3.2 Initial Net Routing | Checksum: 26858bc85

Time (s): cpu = 00:01:01 ; elapsed = 00:00:40 . Memory (MB): peak = 2346.656 ; gain = 154.863
Phase 3 Initial Routing | Checksum: 26858bc85

Time (s): cpu = 00:01:01 ; elapsed = 00:00:40 . Memory (MB): peak = 2346.656 ; gain = 154.863

Phase 4 Rip-up And Reroute

Phase 4.1 Global Iteration 0
 Number of Nodes with overlaps = 1099
 Number of Nodes with overlaps = 16
 Number of Nodes with overlaps = 0
INFO: [Route 35-416] Intermediate Timing Summary | WNS=8.378  | TNS=0.000  | WHS=N/A    | THS=N/A    |

Phase 4.1 Global Iteration 0 | Checksum: 2302b3a8f

Time (s): cpu = 00:01:15 ; elapsed = 00:00:46 . Memory (MB): peak = 2346.656 ; gain = 154.863

Phase 4.2 Global Iteration 1
 Number of Nodes with overlaps = 0
INFO: [Route 35-416] Intermediate Timing Summary | WNS=8.378  | TNS=0.000  | WHS=N/A    | THS=N/A    |

Phase 4.2 Global Iteration 1 | Checksum: 1770444b8

Time (s): cpu = 00:01:16 ; elapsed = 00:00:46 . Memory (MB): peak = 2346.656 ; gain = 154.863
Phase 4 Rip-up And Reroute | Checksum: 1770444b8

Time (s): cpu = 00:01:16 ; elapsed = 00:00:46 . Memory (MB): peak = 2346.656 ; gain = 154.863

Phase 5 Delay and Skew Optimization

Phase 5.1 Delay CleanUp

Phase 5.1.1 Update Timing
Phase 5.1.1 Update Timing | Checksum: 20e30d924

Time (s): cpu = 00:01:18 ; elapsed = 00:00:48 . Memory (MB): peak = 2346.656 ; gain = 154.863
INFO: [Route 35-416] Intermediate Timing Summary | WNS=8.385  | TNS=0.000  | WHS=N/A    | THS=N/A    |

Phase 5.1 Delay CleanUp | Checksum: 26100f5dc

Time (s): cpu = 00:01:18 ; elapsed = 00:00:48 . Memory (MB): peak = 2346.656 ; gain = 154.863

Phase 5.2 Clock Skew Optimization
Phase 5.2 Clock Skew Optimization | Checksum: 26100f5dc

Time (s): cpu = 00:01:18 ; elapsed = 00:00:48 . Memory (MB): peak = 2346.656 ; gain = 154.863
Phase 5 Delay and Skew Optimization | Checksum: 26100f5dc

Time (s): cpu = 00:01:18 ; elapsed = 00:00:48 . Memory (MB): peak = 2346.656 ; gain = 154.863

Phase 6 Post Hold Fix

Phase 6.1 Hold Fix Iter

Phase 6.1.1 Update Timing
Phase 6.1.1 Update Timing | Checksum: 1a34bffec

Time (s): cpu = 00:01:20 ; elapsed = 00:00:49 . Memory (MB): peak = 2346.656 ; gain = 154.863
INFO: [Route 35-416] Intermediate Timing Summary | WNS=8.385  | TNS=0.000  | WHS=0.051  | THS=0.000  |

Phase 6.1 Hold Fix Iter | Checksum: 21c0d3233

Time (s): cpu = 00:01:20 ; elapsed = 00:00:49 . Memory (MB): peak = 2346.656 ; gain = 154.863
Phase 6 Post Hold Fix | Checksum: 21c0d3233

Time (s): cpu = 00:01:20 ; elapsed = 00:00:49 . Memory (MB): peak = 2346.656 ; gain = 154.863

Phase 7 Route finalize

Router Utilization Summary
  Global Vertical Routing Utilization    = 3.90999 %
  Global Horizontal Routing Utilization  = 4.85242 %
  Routable Net Status*
  *Does not include unroutable nets such as driverless and loadless.
  Run report_route_status for detailed report.
  Number of Failed Nets               = 0
    (Failed Nets is the sum of unrouted and partially routed nets)
  Number of Unrouted Nets             = 0
  Number of Partially Routed Nets     = 0
  Number of Node Overlaps             = 0

Phase 7 Route finalize | Checksum: 21c0d3233

Time (s): cpu = 00:01:20 ; elapsed = 00:00:49 . Memory (MB): peak = 2346.656 ; gain = 154.863

Phase 8 Verifying routed nets

 Verification completed successfully
Phase 8 Verifying routed nets | Checksum: 21c0d3233

Time (s): cpu = 00:01:20 ; elapsed = 00:00:49 . Memory (MB): peak = 2346.656 ; gain = 154.863

Phase 9 Depositing Routes
Phase 9 Depositing Routes | Checksum: 25e872b0f

Time (s): cpu = 00:01:23 ; elapsed = 00:00:50 . Memory (MB): peak = 2346.656 ; gain = 154.863

Phase 10 Post Router Timing
INFO: [Route 35-57] Estimated Timing Summary | WNS=8.385  | TNS=0.000  | WHS=0.051  | THS=0.000  |

INFO: [Route 35-327] The final timing numbers are based on the router estimated timing analysis. For a complete and accurate timing signoff, please run report_timing_summary.
Phase 10 Post Router Timing | Checksum: 25e872b0f

Time (s): cpu = 00:01:24 ; elapsed = 00:00:51 . Memory (MB): peak = 2346.656 ; gain = 154.863
INFO: [Route 35-16] Router Completed Successfully

Phase 11 Post-Route Event Processing
Phase 11 Post-Route Event Processing | Checksum: 17dfa462f

Time (s): cpu = 00:01:25 ; elapsed = 00:00:52 . Memory (MB): peak = 2346.656 ; gain = 154.863
Ending Routing Task | Checksum: 17dfa462f

Time (s): cpu = 00:01:25 ; elapsed = 00:00:52 . Memory (MB): peak = 2346.656 ; gain = 154.863

Routing Is Done.
INFO: [Common 17-83] Releasing license: Implementation
115 Infos, 83 Warnings, 11 Critical Warnings and 0 Errors encountered.
route_design completed successfully
route_design: Time (s): cpu = 00:01:29 ; elapsed = 00:00:54 . Memory (MB): peak = 2346.656 ; gain = 164.961
INFO: [runtcl-4] Executing : report_drc -file IO_drc_routed.rpt -pb IO_drc_routed.pb -rpx IO_drc_routed.rpx
Command: report_drc -file IO_drc_routed.rpt -pb IO_drc_routed.pb -rpx IO_drc_routed.rpx
INFO: [IP_Flow 19-1839] IP Catalog is up to date.
INFO: [DRC 23-27] Running DRC with 2 threads
INFO: [Vivado_Tcl 2-168] The results of DRC are in file C:/Users/jmzip/Documents/Repos/CPU/CPU.runs/impl_1/IO_drc_routed.rpt.
report_drc completed successfully
INFO: [runtcl-4] Executing : report_methodology -file IO_methodology_drc_routed.rpt -pb IO_methodology_drc_routed.pb -rpx IO_methodology_drc_routed.rpx
Command: report_methodology -file IO_methodology_drc_routed.rpt -pb IO_methodology_drc_routed.pb -rpx IO_methodology_drc_routed.rpx
INFO: [Timing 38-35] Done setting XDC timing constraints.
INFO: [DRC 23-133] Running Methodology with 2 threads
INFO: [Vivado_Tcl 2-1520] The results of Report Methodology are in file C:/Users/jmzip/Documents/Repos/CPU/CPU.runs/impl_1/IO_methodology_drc_routed.rpt.
report_methodology completed successfully
report_methodology: Time (s): cpu = 00:00:15 ; elapsed = 00:00:08 . Memory (MB): peak = 2355.824 ; gain = 9.168
INFO: [runtcl-4] Executing : report_power -file IO_power_routed.rpt -pb IO_power_summary_routed.pb -rpx IO_power_routed.rpx
Command: report_power -file IO_power_routed.rpt -pb IO_power_summary_routed.pb -rpx IO_power_routed.rpx
INFO: [Timing 38-35] Done setting XDC timing constraints.
Running Vector-less Activity Propagation...

Finished Running Vector-less Activity Propagation
WARNING: [Power 33-332] Found switching activity that implies high-fanout reset nets being asserted for excessive periods of time which may result in inaccurate power analysis.
Resolution: To review and fix problems, please run Power Constraints Advisor in the GUI from Tools > Power Constraints Advisor or run report_power with the -advisory option to generate a text report.
125 Infos, 84 Warnings, 11 Critical Warnings and 0 Errors encountered.
report_power completed successfully
report_power: Time (s): cpu = 00:00:10 ; elapsed = 00:00:06 . Memory (MB): peak = 2362.023 ; gain = 6.199
INFO: [runtcl-4] Executing : report_route_status -file IO_route_status.rpt -pb IO_route_status.pb
INFO: [runtcl-4] Executing : report_timing_summary -max_paths 10 -report_unconstrained -file IO_timing_summary_routed.rpt -pb IO_timing_summary_routed.pb -rpx IO_timing_summary_routed.rpx -warn_on_violation 
INFO: [Timing 38-91] UpdateTimingParams: Speed grade: -1, Delay Type: min_max.
INFO: [Timing 38-191] Multithreading enabled for timing update using a maximum of 2 CPUs
WARNING: [Timing 38-436] There are set_bus_skew constraint(s) in this design. Please run report_bus_skew to ensure that bus skew requirements are met.
INFO: [runtcl-4] Executing : report_incremental_reuse -file IO_incremental_reuse_routed.rpt
INFO: [Vivado_Tcl 4-1062] Incremental flow is disabled. No incremental reuse Info to report.
INFO: [runtcl-4] Executing : report_clock_utilization -file IO_clock_utilization_routed.rpt
INFO: [runtcl-4] Executing : report_bus_skew -warn_on_violation -file IO_bus_skew_routed.rpt -pb IO_bus_skew_routed.pb -rpx IO_bus_skew_routed.rpx
INFO: [Timing 38-91] UpdateTimingParams: Speed grade: -1, Delay Type: min_max.
INFO: [Timing 38-191] Multithreading enabled for timing update using a maximum of 2 CPUs
INFO: [Timing 38-480] Writing timing data to binary archive.
Write ShapeDB Complete: Time (s): cpu = 00:00:00 ; elapsed = 00:00:00.076 . Memory (MB): peak = 2396.320 ; gain = 13.898
Wrote PlaceDB: Time (s): cpu = 00:00:04 ; elapsed = 00:00:01 . Memory (MB): peak = 2396.320 ; gain = 8.988
Wrote PulsedLatchDB: Time (s): cpu = 00:00:00 ; elapsed = 00:00:00 . Memory (MB): peak = 2396.320 ; gain = 0.000
Writing XDEF routing.
Writing XDEF routing logical nets.
Writing XDEF routing special nets.
Wrote RouteStorage: Time (s): cpu = 00:00:01 ; elapsed = 00:00:00.255 . Memory (MB): peak = 2396.320 ; gain = 0.000
Wrote Netlist Cache: Time (s): cpu = 00:00:00 ; elapsed = 00:00:00.031 . Memory (MB): peak = 2396.320 ; gain = 0.000
Wrote Device Cache: Time (s): cpu = 00:00:00 ; elapsed = 00:00:00.012 . Memory (MB): peak = 2396.320 ; gain = 0.000
Write Physdb Complete: Time (s): cpu = 00:00:05 ; elapsed = 00:00:02 . Memory (MB): peak = 2396.320 ; gain = 13.898
INFO: [Common 17-1381] The checkpoint 'C:/Users/jmzip/Documents/Repos/CPU/CPU.runs/impl_1/IO_routed.dcp' has been generated.
Command: write_bitstream -force IO.bit
Attempting to get a license for feature 'Implementation' and/or device 'xc7a35t'
INFO: [Common 17-349] Got license for feature 'Implementation' and/or device 'xc7a35t'
Running DRC as a precondition to command write_bitstream
INFO: [IP_Flow 19-1839] IP Catalog is up to date.
INFO: [DRC 23-27] Running DRC with 2 threads
WARNING: [DRC PDCN-1569] LUT equation term check: Used physical LUT pin 'A1' of cell dbg_hub/inst/BSCANID.u_xsdbm_id/SWITCH_N_EXT_BSCAN.bscan_switch/temp_curid[31]_i_1 (pin dbg_hub/inst/BSCANID.u_xsdbm_id/SWITCH_N_EXT_BSCAN.bscan_switch/temp_curid[31]_i_1/I1) is not included in the LUT equation: 'O5=(A4*A2)+(A4*(~A2)*(~A5))+((~A4))'. If this cell is a user instantiated LUT in the design, please remove connectivity to the pin or change the equation and/or INIT string of the LUT to prevent this issue. If the cell is inferred or IP created LUT, please regenerate the IP and/or resynthesize the design to attempt to correct the issue.
WARNING: [DRC PDCN-1569] LUT equation term check: Used physical LUT pin 'A2' of cell dbg_hub/inst/BSCANID.u_xsdbm_id/SWITCH_N_EXT_BSCAN.id_state[0]_i_1 (pin dbg_hub/inst/BSCANID.u_xsdbm_id/SWITCH_N_EXT_BSCAN.id_state[0]_i_1/I0) is not included in the LUT equation: 'O6=(A6+~A6)*((A3))'. If this cell is a user instantiated LUT in the design, please remove connectivity to the pin or change the equation and/or INIT string of the LUT to prevent this issue. If the cell is inferred or IP created LUT, please regenerate the IP and/or resynthesize the design to attempt to correct the issue.
WARNING: [DRC PDCN-1569] LUT equation term check: Used physical LUT pin 'A3' of cell dbg_hub/inst/BSCANID.u_xsdbm_id/SWITCH_N_EXT_BSCAN.bscan_switch/temp_curid[31]_i_1 (pin dbg_hub/inst/BSCANID.u_xsdbm_id/SWITCH_N_EXT_BSCAN.bscan_switch/temp_curid[31]_i_1/I0) is not included in the LUT equation: 'O5=(A4*A2)+(A4*(~A2)*(~A5))+((~A4))'. If this cell is a user instantiated LUT in the design, please remove connectivity to the pin or change the equation and/or INIT string of the LUT to prevent this issue. If the cell is inferred or IP created LUT, please regenerate the IP and/or resynthesize the design to attempt to correct the issue.
WARNING: [DRC PDRC-153] Gated clock check: Net clkEn_i_3_n_0 is a gated clock net sourced by a combinational pin clkEn_i_3/O, cell clkEn_i_3. This is not good design practice and will likely impact performance. For SLICE registers, for example, use the CE pin to control the loading of data.
WARNING: [DRC PDRC-153] Gated clock check: Net control/instruction_reg[0]_LDC_i_1_n_0 is a gated clock net sourced by a combinational pin control/instruction_reg[0]_LDC_i_1/O, cell control/instruction_reg[0]_LDC_i_1. This is not good design practice and will likely impact performance. For SLICE registers, for example, use the CE pin to control the loading of data.
WARNING: [DRC PDRC-153] Gated clock check: Net control/instruction_reg[1]_LDC_i_1_n_0 is a gated clock net sourced by a combinational pin control/instruction_reg[1]_LDC_i_1/O, cell control/instruction_reg[1]_LDC_i_1. This is not good design practice and will likely impact performance. For SLICE registers, for example, use the CE pin to control the loading of data.
WARNING: [DRC PDRC-153] Gated clock check: Net control/instruction_reg[2]_LDC_i_1_n_0 is a gated clock net sourced by a combinational pin control/instruction_reg[2]_LDC_i_1/O, cell control/instruction_reg[2]_LDC_i_1. This is not good design practice and will likely impact performance. For SLICE registers, for example, use the CE pin to control the loading of data.
WARNING: [DRC PDRC-153] Gated clock check: Net control/instruction_reg[3]_LDC_i_1_n_0 is a gated clock net sourced by a combinational pin control/instruction_reg[3]_LDC_i_1/O, cell control/instruction_reg[3]_LDC_i_1. This is not good design practice and will likely impact performance. For SLICE registers, for example, use the CE pin to control the loading of data.
WARNING: [DRC PDRC-153] Gated clock check: Net control/instruction_reg[4]_LDC_i_1_n_0 is a gated clock net sourced by a combinational pin control/instruction_reg[4]_LDC_i_1/O, cell control/instruction_reg[4]_LDC_i_1. This is not good design practice and will likely impact performance. For SLICE registers, for example, use the CE pin to control the loading of data.
WARNING: [DRC PDRC-153] Gated clock check: Net control/instruction_reg[5]_LDC_i_1_n_0 is a gated clock net sourced by a combinational pin control/instruction_reg[5]_LDC_i_1/O, cell control/instruction_reg[5]_LDC_i_1. This is not good design practice and will likely impact performance. For SLICE registers, for example, use the CE pin to control the loading of data.
WARNING: [DRC PDRC-153] Gated clock check: Net control/instruction_reg[6]_LDC_i_1_n_0 is a gated clock net sourced by a combinational pin control/instruction_reg[6]_LDC_i_1/O, cell control/instruction_reg[6]_LDC_i_1. This is not good design practice and will likely impact performance. For SLICE registers, for example, use the CE pin to control the loading of data.
WARNING: [DRC PDRC-153] Gated clock check: Net control/instruction_reg[7]_LDC_i_1_n_0 is a gated clock net sourced by a combinational pin control/instruction_reg[7]_LDC_i_1/O, cell control/instruction_reg[7]_LDC_i_1. This is not good design practice and will likely impact performance. For SLICE registers, for example, use the CE pin to control the loading of data.
WARNING: [DRC PDRC-153] Gated clock check: Net control/stackFramePointer_reg[0]_LDC_i_1_n_0 is a gated clock net sourced by a combinational pin control/stackFramePointer_reg[0]_LDC_i_1/O, cell control/stackFramePointer_reg[0]_LDC_i_1. This is not good design practice and will likely impact performance. For SLICE registers, for example, use the CE pin to control the loading of data.
WARNING: [DRC PDRC-153] Gated clock check: Net control/stackFramePointer_reg[10]_LDC_i_1_n_0 is a gated clock net sourced by a combinational pin control/stackFramePointer_reg[10]_LDC_i_1/O, cell control/stackFramePointer_reg[10]_LDC_i_1. This is not good design practice and will likely impact performance. For SLICE registers, for example, use the CE pin to control the loading of data.
WARNING: [DRC PDRC-153] Gated clock check: Net control/stackFramePointer_reg[11]_LDC_i_1_n_0 is a gated clock net sourced by a combinational pin control/stackFramePointer_reg[11]_LDC_i_1/O, cell control/stackFramePointer_reg[11]_LDC_i_1. This is not good design practice and will likely impact performance. For SLICE registers, for example, use the CE pin to control the loading of data.
WARNING: [DRC PDRC-153] Gated clock check: Net control/stackFramePointer_reg[12]_LDC_i_1_n_0 is a gated clock net sourced by a combinational pin control/stackFramePointer_reg[12]_LDC_i_1/O, cell control/stackFramePointer_reg[12]_LDC_i_1. This is not good design practice and will likely impact performance. For SLICE registers, for example, use the CE pin to control the loading of data.
WARNING: [DRC PDRC-153] Gated clock check: Net control/stackFramePointer_reg[13]_LDC_i_1_n_0 is a gated clock net sourced by a combinational pin control/stackFramePointer_reg[13]_LDC_i_1/O, cell control/stackFramePointer_reg[13]_LDC_i_1. This is not good design practice and will likely impact performance. For SLICE registers, for example, use the CE pin to control the loading of data.
WARNING: [DRC PDRC-153] Gated clock check: Net control/stackFramePointer_reg[14]_LDC_i_1_n_0 is a gated clock net sourced by a combinational pin control/stackFramePointer_reg[14]_LDC_i_1/O, cell control/stackFramePointer_reg[14]_LDC_i_1. This is not good design practice and will likely impact performance. For SLICE registers, for example, use the CE pin to control the loading of data.
WARNING: [DRC PDRC-153] Gated clock check: Net control/stackFramePointer_reg[15]_LDC_i_1_n_0 is a gated clock net sourced by a combinational pin control/stackFramePointer_reg[15]_LDC_i_1/O, cell control/stackFramePointer_reg[15]_LDC_i_1. This is not good design practice and will likely impact performance. For SLICE registers, for example, use the CE pin to control the loading of data.
WARNING: [DRC PDRC-153] Gated clock check: Net control/stackFramePointer_reg[16]_LDC_i_1_n_0 is a gated clock net sourced by a combinational pin control/stackFramePointer_reg[16]_LDC_i_1/O, cell control/stackFramePointer_reg[16]_LDC_i_1. This is not good design practice and will likely impact performance. For SLICE registers, for example, use the CE pin to control the loading of data.
WARNING: [DRC PDRC-153] Gated clock check: Net control/stackFramePointer_reg[17]_LDC_i_1_n_0 is a gated clock net sourced by a combinational pin control/stackFramePointer_reg[17]_LDC_i_1/O, cell control/stackFramePointer_reg[17]_LDC_i_1. This is not good design practice and will likely impact performance. For SLICE registers, for example, use the CE pin to control the loading of data.
WARNING: [DRC PDRC-153] Gated clock check: Net control/stackFramePointer_reg[18]_LDC_i_1_n_0 is a gated clock net sourced by a combinational pin control/stackFramePointer_reg[18]_LDC_i_1/O, cell control/stackFramePointer_reg[18]_LDC_i_1. This is not good design practice and will likely impact performance. For SLICE registers, for example, use the CE pin to control the loading of data.
WARNING: [DRC PDRC-153] Gated clock check: Net control/stackFramePointer_reg[19]_LDC_i_1_n_0 is a gated clock net sourced by a combinational pin control/stackFramePointer_reg[19]_LDC_i_1/O, cell control/stackFramePointer_reg[19]_LDC_i_1. This is not good design practice and will likely impact performance. For SLICE registers, for example, use the CE pin to control the loading of data.
WARNING: [DRC PDRC-153] Gated clock check: Net control/stackFramePointer_reg[1]_LDC_i_1_n_0 is a gated clock net sourced by a combinational pin control/stackFramePointer_reg[1]_LDC_i_1/O, cell control/stackFramePointer_reg[1]_LDC_i_1. This is not good design practice and will likely impact performance. For SLICE registers, for example, use the CE pin to control the loading of data.
WARNING: [DRC PDRC-153] Gated clock check: Net control/stackFramePointer_reg[20]_LDC_i_1_n_0 is a gated clock net sourced by a combinational pin control/stackFramePointer_reg[20]_LDC_i_1/O, cell control/stackFramePointer_reg[20]_LDC_i_1. This is not good design practice and will likely impact performance. For SLICE registers, for example, use the CE pin to control the loading of data.
WARNING: [DRC PDRC-153] Gated clock check: Net control/stackFramePointer_reg[21]_LDC_i_1_n_0 is a gated clock net sourced by a combinational pin control/stackFramePointer_reg[21]_LDC_i_1/O, cell control/stackFramePointer_reg[21]_LDC_i_1. This is not good design practice and will likely impact performance. For SLICE registers, for example, use the CE pin to control the loading of data.
WARNING: [DRC PDRC-153] Gated clock check: Net control/stackFramePointer_reg[22]_LDC_i_1_n_0 is a gated clock net sourced by a combinational pin control/stackFramePointer_reg[22]_LDC_i_1/O, cell control/stackFramePointer_reg[22]_LDC_i_1. This is not good design practice and will likely impact performance. For SLICE registers, for example, use the CE pin to control the loading of data.
WARNING: [DRC PDRC-153] Gated clock check: Net control/stackFramePointer_reg[23]_LDC_i_1_n_0 is a gated clock net sourced by a combinational pin control/stackFramePointer_reg[23]_LDC_i_1/O, cell control/stackFramePointer_reg[23]_LDC_i_1. This is not good design practice and will likely impact performance. For SLICE registers, for example, use the CE pin to control the loading of data.
WARNING: [DRC PDRC-153] Gated clock check: Net control/stackFramePointer_reg[2]_LDC_i_1_n_0 is a gated clock net sourced by a combinational pin control/stackFramePointer_reg[2]_LDC_i_1/O, cell control/stackFramePointer_reg[2]_LDC_i_1. This is not good design practice and will likely impact performance. For SLICE registers, for example, use the CE pin to control the loading of data.
WARNING: [DRC PDRC-153] Gated clock check: Net control/stackFramePointer_reg[3]_LDC_i_1_n_0 is a gated clock net sourced by a combinational pin control/stackFramePointer_reg[3]_LDC_i_1/O, cell control/stackFramePointer_reg[3]_LDC_i_1. This is not good design practice and will likely impact performance. For SLICE registers, for example, use the CE pin to control the loading of data.
WARNING: [DRC PDRC-153] Gated clock check: Net control/stackFramePointer_reg[4]_LDC_i_1_n_0 is a gated clock net sourced by a combinational pin control/stackFramePointer_reg[4]_LDC_i_1/O, cell control/stackFramePointer_reg[4]_LDC_i_1. This is not good design practice and will likely impact performance. For SLICE registers, for example, use the CE pin to control the loading of data.
WARNING: [DRC PDRC-153] Gated clock check: Net control/stackFramePointer_reg[5]_LDC_i_1_n_0 is a gated clock net sourced by a combinational pin control/stackFramePointer_reg[5]_LDC_i_1/O, cell control/stackFramePointer_reg[5]_LDC_i_1. This is not good design practice and will likely impact performance. For SLICE registers, for example, use the CE pin to control the loading of data.
WARNING: [DRC PDRC-153] Gated clock check: Net control/stackFramePointer_reg[6]_LDC_i_1_n_0 is a gated clock net sourced by a combinational pin control/stackFramePointer_reg[6]_LDC_i_1/O, cell control/stackFramePointer_reg[6]_LDC_i_1. This is not good design practice and will likely impact performance. For SLICE registers, for example, use the CE pin to control the loading of data.
WARNING: [DRC PDRC-153] Gated clock check: Net control/stackFramePointer_reg[7]_LDC_i_1_n_0 is a gated clock net sourced by a combinational pin control/stackFramePointer_reg[7]_LDC_i_1/O, cell control/stackFramePointer_reg[7]_LDC_i_1. This is not good design practice and will likely impact performance. For SLICE registers, for example, use the CE pin to control the loading of data.
WARNING: [DRC PDRC-153] Gated clock check: Net control/stackFramePointer_reg[8]_LDC_i_1_n_0 is a gated clock net sourced by a combinational pin control/stackFramePointer_reg[8]_LDC_i_1/O, cell control/stackFramePointer_reg[8]_LDC_i_1. This is not good design practice and will likely impact performance. For SLICE registers, for example, use the CE pin to control the loading of data.
WARNING: [DRC PDRC-153] Gated clock check: Net control/stackFramePointer_reg[9]_LDC_i_1_n_0 is a gated clock net sourced by a combinational pin control/stackFramePointer_reg[9]_LDC_i_1/O, cell control/stackFramePointer_reg[9]_LDC_i_1. This is not good design practice and will likely impact performance. For SLICE registers, for example, use the CE pin to control the loading of data.
WARNING: [DRC RTSTAT-10] No routable loads: 25 net(s) have no routable loads. The problem bus(es) and/or net(s) are dbg_hub/inst/BSCANID.u_xsdbm_id/SWITCH_N_EXT_BSCAN.bscan_inst/TMS, dbg_hub/inst/BSCANID.u_xsdbm_id/CORE_XSDB.UUT_MASTER/U_ICON_INTERFACE/U_CMD6_RD/U_RD_FIFO/SUBCORE_FIFO.xsdbm_v3_0_0_rdfifo_inst/inst_fifo_gen/gconvfifo.rf/grf.rf/gntv_or_sync_fifo.gl0.rd/gr1.gr1_int.rfwft/aempty_fwft_i, dbg_hub/inst/BSCANID.u_xsdbm_id/CORE_XSDB.UUT_MASTER/U_ICON_INTERFACE/U_CMD7_CTL/ctl_reg[2:0], dbg_hub/inst/BSCANID.u_xsdbm_id/CORE_XSDB.UUT_MASTER/U_ICON_INTERFACE/U_CMD1/ctl_reg_en_2[1], dbg_hub/inst/BSCANID.u_xsdbm_id/CORE_XSDB.UUT_MASTER/U_ICON_INTERFACE/U_CMD7_CTL/ctl_reg_en_2[1], dbg_hub/inst/BSCANID.u_xsdbm_id/SWITCH_N_EXT_BSCAN.bscan_switch/m_bscan_capture[0], dbg_hub/inst/BSCANID.u_xsdbm_id/SWITCH_N_EXT_BSCAN.bscan_switch/m_bscan_drck[0], dbg_hub/inst/BSCANID.u_xsdbm_id/SWITCH_N_EXT_BSCAN.bscan_switch/m_bscan_runtest[0], dbg_hub/inst/BSCANID.u_xsdbm_id/CORE_XSDB.UUT_MASTER/U_ICON_INTERFACE/U_CMD6_WR/U_WR_FIFO/SUBCORE_FIFO.xsdbm_v3_0_0_wrfifo_inst/inst_fifo_gen/gconvfifo.rf/grf.rf/rstblk/ngwrdrst.grst.rd_rst_reg[0], dbg_hub/inst/BSCANID.u_xsdbm_id/CORE_XSDB.UUT_MASTER/U_ICON_INTERFACE/U_CMD6_RD/U_RD_FIFO/SUBCORE_FIFO.xsdbm_v3_0_0_rdfifo_inst/inst_fifo_gen/gconvfifo.rf/grf.rf/rstblk/ngwrdrst.grst.wr_rst_reg[2], dbg_hub/inst/BSCANID.u_xsdbm_id/CORE_XSDB.UUT_MASTER/U_ICON_INTERFACE/U_CMD6_WR/U_WR_FIFO/SUBCORE_FIFO.xsdbm_v3_0_0_wrfifo_inst/inst_fifo_gen/gconvfifo.rf/grf.rf/rstblk/ngwrdrst.grst.wr_rst_reg[2], dbg_hub/inst/BSCANID.u_xsdbm_id/CORE_XSDB.UUT_MASTER/U_ICON_INTERFACE/U_CMD6_RD/U_RD_FIFO/SUBCORE_FIFO.xsdbm_v3_0_0_rdfifo_inst/inst_fifo_gen/gconvfifo.rf/grf.rf/gntv_or_sync_fifo.gl0.wr/gwhf.whf/overflow, dbg_hub/inst/BSCANID.u_xsdbm_id/CORE_XSDB.UUT_MASTER/U_ICON_INTERFACE/U_CMD6_WR/U_WR_FIFO/SUBCORE_FIFO.xsdbm_v3_0_0_wrfifo_inst/inst_fifo_gen/gconvfifo.rf/grf.rf/gntv_or_sync_fifo.gl0.wr/gwhf.whf/overflow, dbg_hub/inst/BSCANID.u_xsdbm_id/CORE_XSDB.UUT_MASTER/U_ICON_INTERFACE/U_CMD6_RD/U_RD_FIFO/SUBCORE_FIFO.xsdbm_v3_0_0_rdfifo_inst/inst_fifo_gen/gconvfifo.rf/grf.rf/gntv_or_sync_fifo.gl0.rd/gras.rsts/ram_empty_i, dbg_hub/inst/BSCANID.u_xsdbm_id/CORE_XSDB.UUT_MASTER/U_ICON_INTERFACE/U_CMD6_WR/U_WR_FIFO/SUBCORE_FIFO.xsdbm_v3_0_0_wrfifo_inst/inst_fifo_gen/gconvfifo.rf/grf.rf/gntv_or_sync_fifo.gl0.wr/gwas.wsts/ram_full_i... and (the first 15 of 23 listed).
INFO: [Vivado 12-3199] DRC finished with 0 Errors, 37 Warnings
INFO: [Vivado 12-3200] Please refer to the DRC report (report_drc) for more information.
INFO: [Designutils 20-2272] Running write_bitstream with 2 threads.
Loading data files...
Loading site data...
Loading route data...
Processing options...
Creating bitmap...
Creating bitstream...
Writing bitstream ./IO.bit...
INFO: [Vivado 12-1842] Bitgen Completed Successfully.
INFO: [Project 1-1876] WebTalk data collection is mandatory when using a ULT device. To see the specific WebTalk data collected for your design, open the usage_statistics_webtalk.html or usage_statistics_webtalk.xml file in the implementation directory.
INFO: [Common 17-83] Releasing license: Implementation
14 Infos, 37 Warnings, 0 Critical Warnings and 0 Errors encountered.
write_bitstream completed successfully
write_bitstream: Time (s): cpu = 00:00:29 ; elapsed = 00:00:21 . Memory (MB): peak = 2841.355 ; gain = 445.035
INFO: [Common 17-206] Exiting Vivado at Fri Jul 31 15:56:12 2026...
